== K3(7,1) M=185 secs=150 seed=1 T0=0.5 T1=0.25
N=2187 B=15 M=185 U0=618
t=0 U=618 best=618 T=0.500
t=6 U=119 best=96 T=0.486
t=12 U=112 best=88 T=0.473
t=18 U=116 best=85 T=0.460
t=23 U=105 best=74 T=0.450
t=28 U=35 best=24 T=0.439
t=33 U=29 best=24 T=0.429
t=39 U=27 best=24 T=0.418
t=44 U=31 best=24 T=0.408
t=49 U=29 best=24 T=0.399
t=54 U=29 best=24 T=0.390
t=58 U=30 best=24 T=0.382
t=64 U=30 best=24 T=0.372
t=70 U=31 best=24 T=0.362
t=75 U=27 best=24 T=0.354
t=80 U=32 best=23 T=0.345
t=86 U=28 best=23 T=0.336
t=91 U=31 best=23 T=0.328
t=96 U=29 best=23 T=0.321
t=101 U=24 best=23 T=0.314
t=106 U=25 best=23 T=0.306
t=111 U=30 best=23 T=0.299
t=116 U=26 best=23 T=0.293
t=121 U=28 best=23 T=0.286
t=126 U=25 best=23 T=0.279
t=131 U=26 best=23 T=0.273
t=136 U=28 best=23 T=0.267
t=142 U=26 best=23 T=0.259
t=147 U=27 best=23 T=0.253
fim U=26 best=23 it=119570432 t=150
NOTFOUND M=185 bestU=23
== K3(8,3) M=26 secs=200 seed=1 T0=0.5 T1=0.25
N=6561 B=577 M=26 U0=601
t=0 U=601 best=601 T=0.500
t=118 U=36 best=36 T=0.332
fim U=36 best=36 it=7009280 t=200
NOTFOUND M=26 bestU=36
== K2(14,2) M=247 secs=240 seed=1 T0=0.5 T1=0.25
N=16384 B=106 M=247 U0=3299
t=0 U=3299 best=3299 T=0.500
t=35 U=767 best=766 T=0.452
t=70 U=760 best=760 T=0.408
t=105 U=754 best=754 T=0.369
t=140 U=748 best=748 T=0.334
t=176 U=747 best=747 T=0.301
t=210 U=747 best=747 T=0.273
t=239 U=747 best=747 T=0.251
fim U=747 best=747 it=29430784 t=240
NOTFOUND M=247 bestU=747
== K2(16,5) M=27 secs=240 seed=1 T0=0.5 T1=0.25
N=65536 B=6885 M=27 U0=3418
t=0 U=3418 best=3418 T=0.500
fim U=144 best=144 it=1159168 t=240
NOTFOUND M=27 bestU=144
== K3(9,1) M=1268 secs=240 seed=1 T0=0.5 T1=0.25
N=19683 B=19 M=1268 U0=5716
t=0 U=5716 best=5716 T=0.500
t=4 U=1587 best=1543 T=0.494
t=8 U=1565 best=1505 T=0.489
t=12 U=1514 best=1477 T=0.483
t=16 U=1482 best=1445 T=0.477
t=20 U=1481 best=1445 T=0.472
t=25 U=1462 best=1408 T=0.465
t=29 U=1453 best=1400 T=0.460
t=33 U=1424 best=1400 T=0.455
t=37 U=1415 best=1378 T=0.449
t=42 U=1387 best=1366 T=0.443
t=46 U=1369 best=1337 T=0.438
t=50 U=1345 best=1330 T=0.433
t=55 U=1347 best=1322 T=0.427
t=59 U=1324 best=1317 T=0.422
t=63 U=1344 best=1311 T=0.417
t=67 U=1361 best=1308 T=0.412
t=72 U=1334 best=1304 T=0.406
t=76 U=1314 best=1303 T=0.401
t=80 U=1336 best=1302 T=0.397
t=84 U=1303 best=1288 T=0.392
t=88 U=1323 best=1288 T=0.388
t=93 U=1296 best=1275 T=0.382
t=97 U=1309 best=1275 T=0.378
t=101 U=1291 best=1271 T=0.373
t=105 U=1287 best=1266 T=0.369
t=110 U=1277 best=1266 T=0.364
t=114 U=1287 best=1266 T=0.360
t=118 U=1283 best=1266 T=0.356
t=122 U=1289 best=1263 T=0.352
t=126 U=1282 best=1263 T=0.347
t=130 U=1274 best=1263 T=0.343
t=134 U=1270 best=1263 T=0.340
t=138 U=1269 best=1259 T=0.336
t=141 U=1271 best=1259 T=0.333
t=145 U=1268 best=1259 T=0.329
t=149 U=1273 best=1259 T=0.325
t=153 U=1259 best=1259 T=0.321
t=157 U=1266 best=1253 T=0.318
t=161 U=1258 best=1251 T=0.314
t=166 U=1255 best=1248 T=0.310
t=170 U=1268 best=1248 T=0.306
t=174 U=1263 best=1248 T=0.302
t=179 U=1259 best=1248 T=0.298
t=183 U=1258 best=1248 T=0.295
t=187 U=1252 best=1246 T=0.291
t=191 U=1248 best=1245 T=0.288
t=196 U=1263 best=1245 T=0.284
t=200 U=1244 best=1243 T=0.281
t=204 U=1251 best=1241 T=0.277
t=208 U=1251 best=1241 T=0.274
t=213 U=1249 best=1241 T=0.270
t=217 U=1252 best=1241 T=0.267
t=221 U=1252 best=1241 T=0.264
t=225 U=1252 best=1241 T=0.261
t=229 U=1246 best=1241 T=0.258
t=233 U=1252 best=1241 T=0.255
t=238 U=1249 best=1241 T=0.251
fim U=1258 best=1241 it=241191936 t=240
NOTFOUND M=1268 bestU=1241
== K3(11,3) M=242 secs=240 seed=1 T0=0.5 T1=0.25
N=177147 B=1563 M=242 U0=22681
t=0 U=22681 best=22681 T=0.500
t=147 U=5875 best=5875 T=0.327
fim U=5875 best=5875 it=6899712 t=240
NOTFOUND M=242 bestU=5875
== K7(6,1) M=4434 secs=240 seed=1 T0=0.5 T1=0.25
N=117649 B=37 M=4434 U0=29400
t=0 U=29400 best=29400 T=0.500
t=5 U=9412 best=9411 T=0.493
t=10 U=9006 best=8999 T=0.486
t=15 U=8852 best=8848 T=0.479
t=21 U=8786 best=8762 T=0.471
t=26 U=8703 best=8670 T=0.464
t=31 U=8572 best=8566 T=0.457
t=36 U=8498 best=8496 T=0.451
t=41 U=8468 best=8438 T=0.444
t=46 U=8444 best=8413 T=0.438
t=51 U=8352 best=8348 T=0.432
t=56 U=8329 best=8299 T=0.425
t=61 U=8266 best=8262 T=0.419
t=66 U=8262 best=8232 T=0.413
t=71 U=8235 best=8217 T=0.407
t=76 U=8250 best=8202 T=0.401
t=81 U=8214 best=8196 T=0.396
t=86 U=8192 best=8188 T=0.390
t=91 U=8171 best=8158 T=0.384
t=97 U=8190 best=8158 T=0.378
t=102 U=8157 best=8157 T=0.372
t=107 U=8148 best=8146 T=0.367
t=112 U=8155 best=8140 T=0.362
t=117 U=8132 best=8125 T=0.357
t=123 U=8110 best=8108 T=0.351
t=128 U=8102 best=8096 T=0.345
t=133 U=8109 best=8093 T=0.341
t=138 U=8079 best=8077 T=0.336
t=143 U=8073 best=8071 T=0.331
t=148 U=8065 best=8059 T=0.326
t=153 U=8069 best=8053 T=0.321
t=158 U=8055 best=8051 T=0.317
t=163 U=8048 best=8046 T=0.312
t=168 U=8033 best=8030 T=0.308
t=173 U=8026 best=8024 T=0.303
t=178 U=8025 best=8021 T=0.299
t=183 U=8020 best=8015 T=0.295
t=188 U=8023 best=8015 T=0.291
t=194 U=8016 best=8013 T=0.286
t=199 U=8010 best=8001 T=0.281
t=204 U=8005 best=7999 T=0.277
t=209 U=8005 best=7999 T=0.273
t=214 U=7998 best=7995 T=0.269
t=219 U=7996 best=7990 T=0.266
t=224 U=7995 best=7987 T=0.262
t=230 U=7989 best=7982 T=0.257
t=235 U=7987 best=7982 T=0.254
fim U=7984 best=7980 it=196852736 t=240
NOTFOUND M=4434 bestU=7980
== K5(8,4) M=64 secs=240 seed=1 T0=0.5 T1=0.25
N=390625 B=21985 M=64 U0=8662
t=0 U=8662 best=8662 T=0.500
fim U=282 best=282 it=677888 t=240
NOTFOUND M=64 bestU=282
== K2(19,1) M=31743 secs=200 seed=1 T0=0.5 T1=0.25
N=524288 B=20 M=31743 U0=156228
t=0 U=156228 best=156228 T=0.500
t=5 U=57779 best=57778 T=0.491
t=10 U=54046 best=54037 T=0.483
t=16 U=52162 best=52131 T=0.473
t=21 U=50929 best=50910 T=0.465
t=26 U=49945 best=49924 T=0.457
t=32 U=49298 best=49271 T=0.448
t=37 U=48787 best=48752 T=0.440
t=42 U=48244 best=48240 T=0.432
t=48 U=47789 best=47780 T=0.423
t=53 U=47348 best=47346 T=0.416
t=58 U=46958 best=46954 T=0.409
t=63 U=46636 best=46623 T=0.402
t=69 U=46317 best=46289 T=0.394
t=74 U=46105 best=46098 T=0.387
t=79 U=45886 best=45876 T=0.380
t=84 U=45723 best=45679 T=0.374
t=90 U=45423 best=45421 T=0.366
t=95 U=45187 best=45181 T=0.360
t=100 U=45017 best=45002 T=0.354
t=106 U=44885 best=44874 T=0.346
t=111 U=44738 best=44728 T=0.340
t=116 U=44613 best=44606 T=0.334
t=121 U=44472 best=44468 T=0.329
t=126 U=44315 best=44311 T=0.323
t=132 U=44257 best=44252 T=0.316
t=137 U=44178 best=44169 T=0.311
t=142 U=44054 best=44044 T=0.306
t=148 U=43943 best=43930 T=0.299
t=153 U=43859 best=43846 T=0.294
t=158 U=43776 best=43774 T=0.289
t=164 U=43669 best=43668 T=0.283
t=169 U=43571 best=43569 T=0.278
t=174 U=43492 best=43490 T=0.274
t=180 U=43464 best=43442 T=0.268
t=185 U=43460 best=43434 T=0.263
t=190 U=43375 best=43375 T=0.259
t=196 U=43354 best=43345 T=0.253
fim U=43300 best=43293 it=158366720 t=200
NOTFOUND M=31743 bestU=43293
== K3(13,4) M=334 secs=200 seed=1 T0=0.5 T1=0.25
N=1594323 B=14067 M=334 U0=90529
t=0 U=90529 best=90529 T=0.500
fim U=16250 best=16250 it=746496 t=200
NOTFOUND M=334 bestU=16250
== K3(14,3) M=2186 secs=200 seed=1 T0=0.5 T1=0.25
N=4782969 B=3305 M=2186 U0=1056371
t=0 U=1056371 best=1056371 T=0.500
fim U=659895 best=659895 it=1801216 t=200
NOTFOUND M=2186 bestU=659895
== K7(7,1) M=31044 secs=200 seed=1 T0=0.5 T1=0.25
N=823543 B=43 M=31044 U0=163268
t=0 U=163268 best=163268 T=0.500
t=6 U=46246 best=46242 T=0.490
t=12 U=41649 best=41649 T=0.480
t=19 U=39457 best=39443 T=0.468
t=25 U=37983 best=37983 T=0.459
t=31 U=36907 best=36900 T=0.449
t=37 U=35996 best=35995 T=0.440
t=44 U=35376 best=35364 T=0.429
t=50 U=34765 best=34748 T=0.420
t=56 U=34253 best=34238 T=0.412
t=63 U=33828 best=33817 T=0.402
t=69 U=33421 best=33420 T=0.394
t=75 U=33179 best=33162 T=0.386
t=81 U=32813 best=32808 T=0.378
t=87 U=32514 best=32509 T=0.370
t=94 U=32205 best=32205 T=0.361
t=100 U=31914 best=31908 T=0.354
t=106 U=31803 best=31801 T=0.346
t=112 U=31665 best=31663 T=0.339
t=119 U=31495 best=31490 T=0.331
t=125 U=31281 best=31280 T=0.324
t=131 U=31129 best=31125 T=0.318
t=137 U=30997 best=30993 T=0.311
t=144 U=30890 best=30887 T=0.304
t=150 U=30795 best=30787 T=0.297
t=156 U=30694 best=30693 T=0.291
t=162 U=30570 best=30567 T=0.285
t=169 U=30501 best=30500 T=0.278
t=175 U=30419 best=30412 T=0.273
t=181 U=30349 best=30347 T=0.267
t=187 U=30257 best=30253 T=0.262
t=194 U=30169 best=30164 T=0.255
fim U=30091 best=30091 it=133936128 t=200
NOTFOUND M=31044 bestU=30091
DONE
