Running HiGHS 1.12.0 (git hash: 4f96ee8): Copyright (c) 2025 HiGHS under MIT licence terms
MIP has 2060 rows; 5146 cols; 78214 nonzeros; 3088 integer variables (3087 binary)
Coefficient ranges:
  Matrix  [1e+00, 2e+01]
  Cost    [1e+00, 1e+00]
  Bound   [1e+00, 1e+00]
  RHS     [1e+00, 1e+00]
Presolving model
2060 rows, 5146 cols, 78214 nonzeros  0s
2060 rows, 5146 cols, 78214 nonzeros  0s
Presolve reductions: rows 2060(-0); columns 5146(-0); nonzeros 78214(-0) - Not reduced
Objective function is integral with scale 1

Solving MIP model with:
   2060 rows
   5146 cols (3087 binary, 1 integer, 0 implied int., 2058 continuous, 0 domain fixed)
   78214 nonzeros

Src: B => Branching; C => Central rounding; F => Feasibility pump; H => Heuristic;
     I => Shifting; J => Feasibility jump; L => Sub-MIP; P => Empty MIP; R => Randomized rounding;
     S => Solve LP; T => Evaluate node; U => Unbounded; X => User solution; Y => HiGHS solution;
     Z => ZI Round; l => Trivial lower; p => Trivial point; u => Trivial upper; z => Trivial zero

        Nodes      |    B&B Tree     |            Objective Bounds              |  Dynamic Constraints |       Work      
Src  Proc. InQueue |  Leaves   Expl. | BestBound       BestSol              Gap |   Cuts   InLp Confl. | LpIters     Time

 J       0       0         0   0.00%   -inf            178                Large        0      0      0         0     0.4s
         0       0         0   0.00%   85.75           178               51.83%        0      0      2     16956   129.5s
