✔ [8923/8936] Built CoveringLean.SynCheck (633ms)
✔ [8925/8936] Built CoveringLean.SynData_K1887 (3.3s)
✔ [8926/8936] Built CoveringLean.SynLeaf_K1887_3 (1.0s)
✔ [8927/8936] Built CoveringLean.SynLeaf_K1887_2 (4.5s)
✔ [8928/8936] Built CoveringLean.SynLeaf_K1887_1 (6.4s)
⚠ [8929/8936] Built CoveringLean.K2_Loop (10s)
warning: CoveringLean/K2_Loop.lean:1:1: * `-/`:
Copyright too short!


Note: This linter can be disabled with `set_option linter.style.header false`
warning: CoveringLean/K2_Loop.lean:9:100: This line exceeds the 100 character limit, please shorten it!

Note: This linter can be disabled with `set_option linter.style.longLine false`
warning: CoveringLean/K2_Loop.lean:86:100: This line exceeds the 100 character limit, please shorten it!

Note: This linter can be disabled with `set_option linter.style.longLine false`
warning: CoveringLean/K2_Loop.lean:130:6: The `show` tactic should only be used to indicate intermediate goal states for readability.
However, this tactic invocation changed the goal. Please use `change` instead for these purposes.

Note: This linter can be disabled with `set_option linter.style.show false`
⚠ [8930/8936] Built CoveringLean.A2_Sphere (11s)
warning: CoveringLean/A2_Sphere.lean:1:1: * `-/`:
Copyright too short!


Note: This linter can be disabled with `set_option linter.style.header false`
warning: CoveringLean/A2_Sphere.lean:7:100: This line exceeds the 100 character limit, please shorten it!

Note: This linter can be disabled with `set_option linter.style.longLine false`
warning: CoveringLean/A2_Sphere.lean:36:0: automatically included section variable(s) unused in theorem `CoveringA2.hammingDist_sub_right`:
  [NeZero q]
consider restructuring your `variable` declarations so that the variables are not in scope or explicitly omit them:
  omit [NeZero q] in theorem ...

Note: This linter can be disabled with `set_option linter.unusedSectionVars false`
warning: CoveringLean/A2_Sphere.lean:42:8: This simp argument is unused:
  Fintype.card_fun

Hint: Omit it from the simp argument list.
  [apply] simp [ZMod.card]

Note: This linter can be disabled with `set_option linter.unusedSimpArgs false`
warning: CoveringLean/A2_Sphere.lean:157:8: This simp argument is unused:
  card_space

Hint: Omit it from the simp argument list.
  [apply] simp at hlt

Note: This linter can be disabled with `set_option linter.unusedSimpArgs false`
info: CoveringLean/A2_Sphere.lean:214:0: 'CoveringA2.ball_card_indep' depends on axioms: [propext, Classical.choice, Quot.sound]
info: CoveringLean/A2_Sphere.lean:215:0: 'CoveringA2.sphere_covering' depends on axioms: [propext, Classical.choice, Quot.sound]
info: CoveringLean/A2_Sphere.lean:216:0: 'CoveringA2.sphere_covering_V' depends on axioms: [propext, Classical.choice, Quot.sound]
info: CoveringLean/A2_Sphere.lean:217:0: 'CoveringA2.no_perfect' depends on axioms: [propext, Classical.choice, Quot.sound]
info: CoveringLean/A2_Sphere.lean:218:0: 'CoveringA2.ceil_bound' depends on axioms: [propext, Classical.choice, Quot.sound]
info: CoveringLean/A2_Sphere.lean:219:0: 'CoveringA2.equality_iff_perfect' depends on axioms: [propext, Classical.choice, Quot.sound]
info: CoveringLean/A2_Sphere.lean:220:0: 'CoveringA2.constCode_covers' depends on axioms: [propext, Classical.choice, Quot.sound]
info: CoveringLean/A2_Sphere.lean:221:0: 'CoveringA2.rep3_covers' depends on axioms: [propext, Classical.choice, Quot.sound]
⚠ [8931/8936] Built CoveringLean.K2_Core (9.7s)
warning: CoveringLean/K2_Core.lean:1:1: * `-/`:
Copyright too short!


Note: This linter can be disabled with `set_option linter.style.header false`
⚠ [8932/8936] Built CoveringLean.C1_CoverCheck (15s)
warning: CoveringLean/C1_CoverCheck.lean:1:1: * `-/`:
Copyright too short!


Note: This linter can be disabled with `set_option linter.style.header false`
warning: CoveringLean/C1_CoverCheck.lean:7:100: This line exceeds the 100 character limit, please shorten it!

Note: This linter can be disabled with `set_option linter.style.longLine false`
warning: CoveringLean/C1_CoverCheck.lean:11:100: This line exceeds the 100 character limit, please shorten it!

Note: This linter can be disabled with `set_option linter.style.longLine false`
warning: CoveringLean/C1_CoverCheck.lean:14:100: This line exceeds the 100 character limit, please shorten it!

Note: This linter can be disabled with `set_option linter.style.longLine false`
warning: CoveringLean/C1_CoverCheck.lean:15:100: This line exceeds the 100 character limit, please shorten it!

Note: This linter can be disabled with `set_option linter.style.longLine false`
warning: CoveringLean/C1_CoverCheck.lean:26:100: This line exceeds the 100 character limit, please shorten it!

Note: This linter can be disabled with `set_option linter.style.longLine false`
warning: CoveringLean/C1_CoverCheck.lean:27:100: This line exceeds the 100 character limit, please shorten it!

Note: This linter can be disabled with `set_option linter.style.longLine false`
warning: CoveringLean/C1_CoverCheck.lean:62:27: Variable name `hq` is not explicitly referenced.

Hint: The binding can be removed (if unused) or named `_` (if used implicitly). Alternatively, prefix the name with `_` to silence this warning:
  [apply] _hq

Note: This linter can be disabled with `set_option linter.unusedVariables false`
warning: CoveringLean/C1_CoverCheck.lean:74:100: This line exceeds the 100 character limit, please shorten it!

Note: This linter can be disabled with `set_option linter.style.longLine false`
warning: CoveringLean/C1_CoverCheck.lean:130:10: `if_pos` has been deprecated: Use `ite_eq_left` instead
warning: CoveringLean/C1_CoverCheck.lean:133:41: The `show` tactic should only be used to indicate intermediate goal states for readability.
However, this tactic invocation changed the goal. Please use `change` instead for these purposes.

Note: This linter can be disabled with `set_option linter.style.show false`
warning: CoveringLean/C1_CoverCheck.lean:134:10: `if_neg` has been deprecated: Use `ite_eq_right` instead
warning: CoveringLean/C1_CoverCheck.lean:178:42: Used `tac1 <;> tac2` where `(tac1; tac2)` would suffice

Note: This linter can be disabled with `set_option linter.unnecessarySeqFocus false`
warning: CoveringLean/C1_CoverCheck.lean:208:0: automatically included section variable(s) unused in theorem `CoveringCerts.hammingDist_eq_sum`:
  [NeZero q]
consider restructuring your `variable` declarations so that the variables are not in scope or explicitly omit them:
  omit [NeZero q] in theorem ...

Note: This linter can be disabled with `set_option linter.unusedSectionVars false`
warning: CoveringLean/C1_CoverCheck.lean:326:100: This line exceeds the 100 character limit, please shorten it!

Note: This linter can be disabled with `set_option linter.style.longLine false`
warning: CoveringLean/C1_CoverCheck.lean:332:100: This line exceeds the 100 character limit, please shorten it!

Note: This linter can be disabled with `set_option linter.style.longLine false`
warning: CoveringLean/C1_CoverCheck.lean:340:100: This line exceeds the 100 character limit, please shorten it!

Note: This linter can be disabled with `set_option linter.style.longLine false`
info: CoveringLean/C1_CoverCheck.lean:352:0: 'CoveringCerts.dig_inj' depends on axioms: [propext, Classical.choice, Quot.sound]
info: CoveringLean/C1_CoverCheck.lean:353:0: 'CoveringCerts.cov_sound' depends on axioms: [propext, Classical.choice, Quot.sound]
info: CoveringLean/C1_CoverCheck.lean:354:0: 'CoveringCerts.sound' depends on axioms: [propext, Classical.choice, Quot.sound]
info: CoveringLean/C1_CoverCheck.lean:355:0: 'CoveringCerts.cert_of_check' depends on axioms: [propext, Classical.choice, Quot.sound]
⚠ [8933/8936] Built CoveringLean.K3_Bridge (6.4s)
warning: CoveringLean/K3_Bridge.lean:1:1: * `-/`:
Copyright too short!


Note: This linter can be disabled with `set_option linter.style.header false`
info: CoveringLean/K3_Bridge.lean:70:0: 'CoveringKernel.cert_of_go' depends on axioms: [propext, Classical.choice, Quot.sound]
⚠ [8934/8936] Built CoveringLean.SynBridge (10s)
warning: CoveringLean/SynBridge.lean:1:1: * `-/`:
Copyright too short!


Note: This linter can be disabled with `set_option linter.style.header false`
warning: CoveringLean/SynBridge.lean:29:100: This line exceeds the 100 character limit, please shorten it!

Note: This linter can be disabled with `set_option linter.style.longLine false`
warning: CoveringLean/SynBridge.lean:44:100: This line exceeds the 100 character limit, please shorten it!

Note: This linter can be disabled with `set_option linter.style.longLine false`
warning: CoveringLean/SynBridge.lean:45:100: This line exceeds the 100 character limit, please shorten it!

Note: This linter can be disabled with `set_option linter.style.longLine false`
warning: CoveringLean/SynBridge.lean:78:24: Variable name `hq` is not explicitly referenced.

Hint: The binding can be removed (if unused) or named `_` (if used implicitly). Alternatively, prefix the name with `_` to silence this warning:
  [apply] _hq

Note: This linter can be disabled with `set_option linter.unusedVariables false`
warning: CoveringLean/SynBridge.lean:132:4: The `show` tactic should only be used to indicate intermediate goal states for readability.
However, this tactic invocation changed the goal. Please use `change` instead for these purposes.

Note: This linter can be disabled with `set_option linter.style.show false`
warning: CoveringLean/SynBridge.lean:284:26: This simp argument is unused:
  h2'

Hint: Omit it from the simp argument list.
  [apply] simp [this, h1, h2]

Note: This linter can be disabled with `set_option linter.unusedSimpArgs false`
warning: CoveringLean/SynBridge.lean:289:26: This simp argument is unused:
  h2'

Hint: Omit it from the simp argument list.
  [apply] simp [this, h1, h2]

Note: This linter can be disabled with `set_option linter.unusedSimpArgs false`
warning: CoveringLean/SynBridge.lean:297:0: automatically included section variable(s) unused in theorem `Syn.xval_wdf`:
  [NeZero q]
consider restructuring your `variable` declarations so that the variables are not in scope or explicitly omit them:
  omit [NeZero q] in theorem ...

Note: This linter can be disabled with `set_option linter.unusedSectionVars false`
warning: CoveringLean/SynBridge.lean:305:0: automatically included section variable(s) unused in theorem `Syn.wdf_congr`:
  [NeZero q]
consider restructuring your `variable` declarations so that the variables are not in scope or explicitly omit them:
  omit [NeZero q] in theorem ...

Note: This linter can be disabled with `set_option linter.unusedSectionVars false`
warning: CoveringLean/SynBridge.lean:312:2: The `show` tactic should only be used to indicate intermediate goal states for readability.
However, this tactic invocation changed the goal. Please use `change` instead for these purposes.

Note: This linter can be disabled with `set_option linter.style.show false`
warning: CoveringLean/SynBridge.lean:309:0: automatically included section variable(s) unused in theorem `Syn.wdf_cwF`:
  [NeZero q]
consider restructuring your `variable` declarations so that the variables are not in scope or explicitly omit them:
  omit [NeZero q] in theorem ...

Note: This linter can be disabled with `set_option linter.unusedSectionVars false`
warning: CoveringLean/SynBridge.lean:388:10: `if_pos` has been deprecated: Use `ite_eq_left` instead
warning: CoveringLean/SynBridge.lean:388:39: `if_pos` has been deprecated: Use `ite_eq_left` instead
warning: CoveringLean/SynBridge.lean:389:10: `if_neg` has been deprecated: Use `ite_eq_right` instead
warning: CoveringLean/SynBridge.lean:391:12: `if_pos` has been deprecated: Use `ite_eq_left` instead
warning: CoveringLean/SynBridge.lean:394:12: `if_neg` has been deprecated: Use `ite_eq_right` instead
warning: CoveringLean/SynBridge.lean:394:49: `if_neg` has been deprecated: Use `ite_eq_right` instead
✔ [8935/8936] Built CoveringLean.SynLeaf_K1887_0 (50s)
⚠ [8936/8936] Built CoveringLean.Syn_K1887 (6.0s)
warning: CoveringLean/Syn_K1887.lean:10:100: This line exceeds the 100 character limit, please shorten it!

Note: This linter can be disabled with `set_option linter.style.longLine false`
warning: CoveringLean/Syn_K1887.lean:30:100: This line exceeds the 100 character limit, please shorten it!

Note: This linter can be disabled with `set_option linter.style.longLine false`
info: CoveringLean/Syn_K1887.lean:59:0: 'Syn.K7_8_3_le_1887_syn' depends on axioms: [propext, Classical.choice, Quot.sound]
Build completed successfully (8936 jobs).
