$ lake build
⚠ [8925/8942] Replayed CoveringLean.A1_Weight
warning: CoveringLean/A1_Weight.lean:1:1: * `-/`:
Copyright too short!


Note: This linter can be disabled with `set_option linter.style.header false`
warning: CoveringLean/A1_Weight.lean:18:0: automatically included section variable(s) unused in theorem `CoveringA1.pow_hammingNorm_eq_prod`:
  [NeZero q]
consider restructuring your `variable` declarations so that the variables are not in scope or explicitly omit them:
  omit [NeZero q] in theorem ...

Note: This linter can be disabled with `set_option linter.unusedSectionVars false`
warning: CoveringLean/A1_Weight.lean:31:8: `if_neg` has been deprecated: Use `ite_eq_right` instead
warning: CoveringLean/A1_Weight.lean:34:33: `if_pos` has been deprecated: Use `ite_eq_left` instead
warning: CoveringLean/A1_Weight.lean:101:61: `Set.mem_setOf_eq` has been deprecated: Use `Set.mem_ofPred_eq` instead
info: CoveringLean/A1_Weight.lean:106:0: 'CoveringA1.weight_genfun' depends on axioms: [propext, Classical.choice, Quot.sound]
info: CoveringLean/A1_Weight.lean:107:0: 'CoveringA1.count_weight' depends on axioms: [propext, Classical.choice, Quot.sound]
info: CoveringLean/A1_Weight.lean:108:0: 'CoveringA1.ball_zero_card' depends on axioms: [propext, Classical.choice, Quot.sound]
⚠ [8926/8942] Replayed CoveringLean.A2_Sphere
warning: CoveringLean/A2_Sphere.lean:1:1: * `-/`:
Copyright too short!


Note: This linter can be disabled with `set_option linter.style.header false`
warning: CoveringLean/A2_Sphere.lean:7:100: This line exceeds the 100 character limit, please shorten it!

Note: This linter can be disabled with `set_option linter.style.longLine false`
warning: CoveringLean/A2_Sphere.lean:36:0: automatically included section variable(s) unused in theorem `CoveringA2.hammingDist_sub_right`:
  [NeZero q]
consider restructuring your `variable` declarations so that the variables are not in scope or explicitly omit them:
  omit [NeZero q] in theorem ...

Note: This linter can be disabled with `set_option linter.unusedSectionVars false`
warning: CoveringLean/A2_Sphere.lean:42:8: This simp argument is unused:
  Fintype.card_fun

Hint: Omit it from the simp argument list.
  [apply] simp [ZMod.card]

Note: This linter can be disabled with `set_option linter.unusedSimpArgs false`
warning: CoveringLean/A2_Sphere.lean:157:8: This simp argument is unused:
  card_space

Hint: Omit it from the simp argument list.
  [apply] simp at hlt

Note: This linter can be disabled with `set_option linter.unusedSimpArgs false`
info: CoveringLean/A2_Sphere.lean:214:0: 'CoveringA2.ball_card_indep' depends on axioms: [propext, Classical.choice, Quot.sound]
info: CoveringLean/A2_Sphere.lean:215:0: 'CoveringA2.sphere_covering' depends on axioms: [propext, Classical.choice, Quot.sound]
info: CoveringLean/A2_Sphere.lean:216:0: 'CoveringA2.sphere_covering_V' depends on axioms: [propext, Classical.choice, Quot.sound]
info: CoveringLean/A2_Sphere.lean:217:0: 'CoveringA2.no_perfect' depends on axioms: [propext, Classical.choice, Quot.sound]
info: CoveringLean/A2_Sphere.lean:218:0: 'CoveringA2.ceil_bound' depends on axioms: [propext, Classical.choice, Quot.sound]
info: CoveringLean/A2_Sphere.lean:219:0: 'CoveringA2.equality_iff_perfect' depends on axioms: [propext, Classical.choice, Quot.sound]
info: CoveringLean/A2_Sphere.lean:220:0: 'CoveringA2.constCode_covers' depends on axioms: [propext, Classical.choice, Quot.sound]
info: CoveringLean/A2_Sphere.lean:221:0: 'CoveringA2.rep3_covers' depends on axioms: [propext, Classical.choice, Quot.sound]
⚠ [8927/8942] Replayed CoveringLean.A3_Numeric
warning: CoveringLean/A3_Numeric.lean:1:1: * `-/`:
Copyright too short!


Note: This linter can be disabled with `set_option linter.style.header false`
info: CoveringLean/A3_Numeric.lean:222:0: 'CoveringA3.lb_of_sphere' depends on axioms: [propext, Classical.choice, Quot.sound]
info: CoveringLean/A3_Numeric.lean:223:0: 'CoveringA3.lt_of_sphere' depends on axioms: [propext]
info: CoveringLean/A3_Numeric.lean:224:0: 'CoveringA3.pred_not_sphere' depends on axioms: [propext, Quot.sound]
info: CoveringLean/A3_Numeric.lean:225:0: 'CoveringA3.rat_ceil_gap' depends on axioms: [propext, Classical.choice, Quot.sound]
info: CoveringLean/A3_Numeric.lean:226:0: 'CoveringA3.additive_gap_nonneg' depends on axioms: [propext, Classical.choice, Quot.sound]
info: CoveringLean/A3_Numeric.lean:227:0: 'CoveringA3.gap_over_ratio_pos' depends on axioms: [propext, Classical.choice, Quot.sound]
info: CoveringLean/A3_Numeric.lean:228:0: 'CoveringA3.ceil_eq_natCeil' depends on axioms: [propext, Classical.choice, Quot.sound]
info: CoveringLean/A3_Numeric.lean:229:0: 'CoveringA3.cellFacts_intro' depends on axioms: [propext, Classical.choice, Quot.sound]
info: CoveringLean/A3_Numeric.lean:230:0: 'CoveringA3.cell_5_7_2' depends on axioms: [propext, Classical.choice, Quot.sound]
info: CoveringLean/A3_Numeric.lean:231:0: 'CoveringA3.cell_4_10_4' depends on axioms: [propext, Classical.choice, Quot.sound]
info: CoveringLean/A3_Numeric.lean:232:0: 'CoveringA3.cell_5_9_3' depends on axioms: [propext, Classical.choice, Quot.sound]
info: CoveringLean/A3_Numeric.lean:233:0: 'CoveringA3.cell_5_10_4' depends on axioms: [propext, Classical.choice, Quot.sound]
info: CoveringLean/A3_Numeric.lean:234:0: 'CoveringA3.cell_5_9_5' depends on axioms: [propext, Classical.choice, Quot.sound]
info: CoveringLean/A3_Numeric.lean:235:0: 'CoveringA3.cell_5_9_4' depends on axioms: [propext, Classical.choice, Quot.sound]
info: CoveringLean/A3_Numeric.lean:236:0: 'CoveringA3.cell_7_8_3' depends on axioms: [propext, Classical.choice, Quot.sound]
info: CoveringLean/A3_Numeric.lean:237:0: 'CoveringA3.cell_7_9_4' depends on axioms: [propext, Classical.choice, Quot.sound]
info: CoveringLean/A3_Numeric.lean:238:0: 'CoveringA3.lb_5_7_2' depends on axioms: [propext, Classical.choice, Quot.sound]
info: CoveringLean/A3_Numeric.lean:239:0: 'CoveringA3.tight_5_7_2' depends on axioms: [propext, Classical.choice, Quot.sound]
info: CoveringLean/A3_Numeric.lean:240:0: 'CoveringA3.tight_7_8_3' depends on axioms: [propext, Classical.choice, Quot.sound]
info: CoveringLean/A3_Numeric.lean:241:0: 'CoveringA3.V_7_8_3' depends on axioms: [propext, Classical.choice, Quot.sound]
⚠ [8928/8942] Replayed CoveringLean.A4_Closed
warning: CoveringLean/A4_Closed.lean:1:1: * `-/`:
Copyright too short!


Note: This linter can be disabled with `set_option linter.style.header false`
warning: CoveringLean/A4_Closed.lean:33:0: automatically included section variable(s) unused in theorem `CoveringA4.not_covers_empty`:
  [NeZero q]
consider restructuring your `variable` declarations so that the variables are not in scope or explicitly omit them:
  omit [NeZero q] in theorem ...

Note: This linter can be disabled with `set_option linter.unusedSectionVars false`
warning: CoveringLean/A4_Closed.lean:46:0: automatically included section variable(s) unused in theorem `CoveringA4.covers_singleton_of_le`:
  [NeZero q]
consider restructuring your `variable` declarations so that the variables are not in scope or explicitly omit them:
  omit [NeZero q] in theorem ...

Note: This linter can be disabled with `set_option linter.unusedSectionVars false`
warning: CoveringLean/A4_Closed.lean:65:0: automatically included section variable(s) unused in theorem `CoveringA4.hammingDist_le_pred_of_agree`:
  [NeZero q]
consider restructuring your `variable` declarations so that the variables are not in scope or explicitly omit them:
  omit [NeZero q] in theorem ...

Note: This linter can be disabled with `set_option linter.unusedSectionVars false`
warning: CoveringLean/A4_Closed.lean:78:0: automatically included section variable(s) unused in theorem `CoveringA4.hammingDist_eq_of_all_ne`:
  [NeZero q]
consider restructuring your `variable` declarations so that the variables are not in scope or explicitly omit them:
  omit [NeZero q] in theorem ...

Note: This linter can be disabled with `set_option linter.unusedSectionVars false`
warning: CoveringLean/A4_Closed.lean:99:4: `push_neg` has been deprecated. Prefer using `push Not` instead.
If you'd rather continue using `push_neg` in your project, you can implement it as follows:
```
open Lean.Parser.Tactic in
macro "push_neg" cfg:optConfig loc:(location)? : tactic =>
  `(tactic| push $cfg:optConfig Not $[$loc]?)
```
warning: CoveringLean/A4_Closed.lean:115:2: `push_neg` has been deprecated. Prefer using `push Not` instead.
If you'd rather continue using `push_neg` in your project, you can implement it as follows:
```
open Lean.Parser.Tactic in
macro "push_neg" cfg:optConfig loc:(location)? : tactic =>
  `(tactic| push $cfg:optConfig Not $[$loc]?)
```
warning: CoveringLean/A4_Closed.lean:129:0: automatically included section variable(s) unused in theorem `CoveringA4.Kle_mono_R`:
  [NeZero q]
consider restructuring your `variable` declarations so that the variables are not in scope or explicitly omit them:
  omit [NeZero q] in theorem ...

Note: This linter can be disabled with `set_option linter.unusedSectionVars false`
warning: CoveringLean/A4_Closed.lean:134:0: automatically included section variable(s) unused in theorem `CoveringA4.hammingDist_cons_le`:
  [NeZero q]
consider restructuring your `variable` declarations so that the variables are not in scope or explicitly omit them:
  omit [NeZero q] in theorem ...

Note: This linter can be disabled with `set_option linter.unusedSectionVars false`
warning: CoveringLean/A4_Closed.lean:143:0: automatically included section variable(s) unused in theorem `CoveringA4.cons_zero_injective`:
  [NeZero q]
consider restructuring your `variable` declarations so that the variables are not in scope or explicitly omit them:
  omit [NeZero q] in theorem ...

Note: This linter can be disabled with `set_option linter.unusedSectionVars false`
info: CoveringLean/A4_Closed.lean:198:0: 'CoveringA4.K_eq_one_of_le' depends on axioms: [propext, Classical.choice, Quot.sound]
info: CoveringLean/A4_Closed.lean:199:0: 'CoveringA4.K_pred_eq_q' depends on axioms: [propext, Classical.choice, Quot.sound]
info: CoveringLean/A4_Closed.lean:200:0: 'CoveringA4.Kle_mono_R' depends on axioms: [propext, Classical.choice, Quot.sound]
info: CoveringLean/A4_Closed.lean:201:0: 'CoveringA4.Kle_succ_succ' depends on axioms: [propext, Classical.choice, Quot.sound]
info: CoveringLean/A4_Closed.lean:202:0: 'CoveringA4.stress_general' depends on axioms: [propext, Classical.choice, Quot.sound]
info: CoveringLean/A4_Closed.lean:203:0: 'CoveringA4.stress_radius_off_by_one' depends on axioms: [propext, Classical.choice, Quot.sound]
⚠ [8929/8942] Replayed CoveringLean.A5_Frontier
warning: CoveringLean/A5_Frontier.lean:1:1: * `-/`:
Copyright too short!


Note: This linter can be disabled with `set_option linter.style.header false`
warning: CoveringLean/A5_Frontier.lean:24:100: This line exceeds the 100 character limit, please shorten it!

Note: This linter can be disabled with `set_option linter.style.longLine false`
warning: CoveringLean/A5_Frontier.lean:46:0: automatically included section variable(s) unused in theorem `CoveringA5.hammingDist_sub_right`:
  [NeZero q]
consider restructuring your `variable` declarations so that the variables are not in scope or explicitly omit them:
  omit [NeZero q] in theorem ...

Note: This linter can be disabled with `set_option linter.unusedSectionVars false`
warning: CoveringLean/A5_Frontier.lean:195:12: This simp argument is unused:
  Fintype.card_fun

Hint: Omit it from the simp argument list.
  [apply] simp [ZMod.card]

Note: This linter can be disabled with `set_option linter.unusedSimpArgs false`
info: CoveringLean/A5_Frontier.lean:240:0: 'CoveringA5.partial_cover_bound' depends on axioms: [propext, Classical.choice, Quot.sound]
info: CoveringLean/A5_Frontier.lean:241:0: 'CoveringA5.partial_cover_bound_V' depends on axioms: [propext, Classical.choice, Quot.sound]
info: CoveringLean/A5_Frontier.lean:242:0: 'CoveringA5.frontier_bound_nat' depends on axioms: [propext, Classical.choice, Quot.sound]
info: CoveringLean/A5_Frontier.lean:243:0: 'CoveringA5.frontier_bound_rat' depends on axioms: [propext, Classical.choice, Quot.sound]
info: CoveringLean/A5_Frontier.lean:244:0: 'CoveringA5.frontier_bound_M' depends on axioms: [propext, Classical.choice, Quot.sound]
info: CoveringLean/A5_Frontier.lean:245:0: 'CoveringA5.cover_real_iff_nat' depends on axioms: [propext, Classical.choice, Quot.sound]
info: CoveringLean/A5_Frontier.lean:246:0: 'CoveringA5.ceil_ceil_div' depends on axioms: [propext, Classical.choice, Quot.sound]
info: CoveringLean/A5_Frontier.lean:247:0: 'CoveringA5.least_size_antitone' depends on axioms: [propext, Classical.choice, Quot.sound]
info: CoveringLean/A5_Frontier.lean:248:0: 'CoveringA5.least_eps_antitone' depends on axioms: [propext, Classical.choice, Quot.sound]
info: CoveringLean/A5_Frontier.lean:249:0: 'CoveringA5.exists_least_of_eps' depends on axioms: [propext, Classical.choice, Quot.sound]
info: CoveringLean/A5_Frontier.lean:250:0: 'CoveringA5.eps_one_least' depends on axioms: [propext, Classical.choice, Quot.sound]
info: CoveringLean/A5_Frontier.lean:251:0: 'CoveringA5.P_eq_feasibility_threshold' depends on axioms: [propext, Classical.choice, Quot.sound]
info: CoveringLean/A5_Frontier.lean:252:0: 'CoveringA5.div_eq_ceil' depends on axioms: [propext, Classical.choice, Quot.sound]
⚠ [8930/8942] Replayed CoveringLean.A6_Finite
warning: CoveringLean/A6_Finite.lean:1:1: * `-/`:
Copyright too short!


Note: This linter can be disabled with `set_option linter.style.header false`
info: CoveringLean/A6_Finite.lean:127:0: 'CoveringA6.H5_counterexample' depends on axioms: [propext, Classical.choice, Quot.sound]
info: CoveringLean/A6_Finite.lean:128:0: 'CoveringA6.H1_counterexample' depends on axioms: [propext, Classical.choice, Quot.sound]
info: CoveringLean/A6_Finite.lean:129:0: 'CoveringA6.H3_counterexample' depends on axioms: [propext, Classical.choice, Quot.sound]
⚠ [8931/8942] Replayed CoveringLean.A6b_Hamming
warning: CoveringLean/A6b_Hamming.lean:4:0: The module doc-string for a file should be the first command after the imports.
Please, add a module doc-string (`/-! ... -/`) before `namespace CoveringA6`.

Hint: Type `m(odule docstring) + [tab]` to insert a template via snippet.

Note: This linter can be disabled with `set_option linter.style.header false`
warning: CoveringLean/A6b_Hamming.lean:1:1: * `-/`:
Copyright too short!


Note: This linter can be disabled with `set_option linter.style.header false`
info: CoveringLean/A6b_Hamming.lean:39:0: 'CoveringA6.hamming_tight' depends on axioms: [propext, Classical.choice, Quot.sound]
info: CoveringLean/A6b_Hamming.lean:40:0: 'CoveringA6.hamming_perfect' depends on axioms: [propext, Classical.choice, Quot.sound]
info: CoveringLean/A6b_Hamming.lean:41:0: 'CoveringA6.K_2_7_1' depends on axioms: [propext, Classical.choice, Quot.sound]
⚠ [8932/8942] Replayed CoveringLean.K2_Loop
warning: CoveringLean/K2_Loop.lean:1:1: * `-/`:
Copyright too short!


Note: This linter can be disabled with `set_option linter.style.header false`
warning: CoveringLean/K2_Loop.lean:9:100: This line exceeds the 100 character limit, please shorten it!

Note: This linter can be disabled with `set_option linter.style.longLine false`
warning: CoveringLean/K2_Loop.lean:86:100: This line exceeds the 100 character limit, please shorten it!

Note: This linter can be disabled with `set_option linter.style.longLine false`
warning: CoveringLean/K2_Loop.lean:130:6: The `show` tactic should only be used to indicate intermediate goal states for readability.
However, this tactic invocation changed the goal. Please use `change` instead for these purposes.

Note: This linter can be disabled with `set_option linter.style.show false`
⚠ [8933/8942] Replayed CoveringLean.A6c_Search
warning: CoveringLean/A6c_Search.lean:4:0: The module doc-string for a file should be the first command after the imports.
Please, add a module doc-string (`/-! ... -/`) before `namespace CoveringA6`.

Hint: Type `m(odule docstring) + [tab]` to insert a template via snippet.

Note: This linter can be disabled with `set_option linter.style.header false`
warning: CoveringLean/A6c_Search.lean:1:1: * `-/`:
Copyright too short!


Note: This linter can be disabled with `set_option linter.style.header false`
warning: CoveringLean/A6c_Search.lean:35:2: `push_neg` has been deprecated. Prefer using `push Not` instead.
If you'd rather continue using `push_neg` in your project, you can implement it as follows:
```
open Lean.Parser.Tactic in
macro "push_neg" cfg:optConfig loc:(location)? : tactic =>
  `(tactic| push $cfg:optConfig Not $[$loc]?)
```
warning: CoveringLean/A6c_Search.lean:112:8: `push_neg` has been deprecated. Prefer using `push Not` instead.
If you'd rather continue using `push_neg` in your project, you can implement it as follows:
```
open Lean.Parser.Tactic in
macro "push_neg" cfg:optConfig loc:(location)? : tactic =>
  `(tactic| push $cfg:optConfig Not $[$loc]?)
```
warning: CoveringLean/A6c_Search.lean:188:100: This line exceeds the 100 character limit, please shorten it!

Note: This linter can be disabled with `set_option linter.style.longLine false`
info: CoveringLean/A6c_Search.lean:192:0: 'CoveringA6.refuted_sound' depends on axioms: [propext, Classical.choice, Quot.sound]
info: CoveringLean/A6c_Search.lean:193:0: 'CoveringA6.no_cover_2_6_1_le10' depends on axioms: [propext, Classical.choice, Quot.sound]
info: CoveringLean/A6c_Search.lean:194:0: 'CoveringA6.H2_counterexample' depends on axioms: [propext, Classical.choice, Quot.sound]
⚠ [8934/8942] Replayed CoveringLean.A6e_Excess
warning: CoveringLean/A6e_Excess.lean:1:1: * `-/`:
Copyright too short!


Note: This linter can be disabled with `set_option linter.style.header false`
info: CoveringLean/A6e_Excess.lean:158:0: 'CoveringA6.excess_bound' depends on axioms: [propext, Classical.choice, Quot.sound]
info: CoveringLean/A6e_Excess.lean:159:0: 'CoveringA6.no_cover_2_6_1_le10_uncond' depends on axioms: [propext, Classical.choice, Quot.sound]
info: CoveringLean/A6e_Excess.lean:160:0: 'CoveringA6.K_2_6_1_ge_11' depends on axioms: [propext, Classical.choice, Quot.sound]
info: CoveringLean/A6e_Excess.lean:161:0: 'CoveringA6.H2_counterexample_uncond' depends on axioms: [propext, Classical.choice, Quot.sound]
⚠ [8935/8942] Replayed CoveringLean.Chain
warning: CoveringLean/Chain.lean:1:1: * `-/`:
Copyright too short!


Note: This linter can be disabled with `set_option linter.style.header false`
info: CoveringLean/Chain.lean:59:0: 'CoveringChain.sphere_covering_formula' depends on axioms: [propext, Classical.choice, Quot.sound]
info: CoveringLean/Chain.lean:60:0: 'CoveringChain.SPH_K5_7_2_lb' depends on axioms: [propext, Classical.choice, Quot.sound]
info: CoveringLean/Chain.lean:61:0: 'CoveringChain.SPH_K4_10_4_lb' depends on axioms: [propext, Classical.choice, Quot.sound]
info: CoveringLean/Chain.lean:62:0: 'CoveringChain.SPH_K5_9_3_lb' depends on axioms: [propext, Classical.choice, Quot.sound]
info: CoveringLean/Chain.lean:63:0: 'CoveringChain.SPH_K5_10_4_lb' depends on axioms: [propext, Classical.choice, Quot.sound]
info: CoveringLean/Chain.lean:64:0: 'CoveringChain.SPH_K5_9_5_lb' depends on axioms: [propext, Classical.choice, Quot.sound]
info: CoveringLean/Chain.lean:65:0: 'CoveringChain.SPH_K5_9_4_lb' depends on axioms: [propext, Classical.choice, Quot.sound]
info: CoveringLean/Chain.lean:66:0: 'CoveringChain.SPH_K7_9_4_lb' depends on axioms: [propext, Classical.choice, Quot.sound]
info: CoveringLean/Chain.lean:67:0: 'CoveringChain.SPH_K7_8_3_lb' depends on axioms: [propext, Classical.choice, Quot.sound]
⚠ [8936/8942] Replayed CoveringLean.SearchSound
warning: CoveringLean/SearchSound.lean:1:1: * `-/`:
Copyright too short!


Note: This linter can be disabled with `set_option linter.style.header false`
warning: CoveringLean/SearchSound.lean:72:100: This line exceeds the 100 character limit, please shorten it!

Note: This linter can be disabled with `set_option linter.style.longLine false`
warning: CoveringLean/SearchSound.lean:250:28: `cond_true` has been deprecated: Use `Bool.cond_true` instead

Note: The updated constant has a different type:
  ∀ {α : Sort u} {a b : α}, (bif true then a else b) = a
instead of
  ∀ {α : Sort u_1} (a b : α), (bif true then a else b) = a
warning: CoveringLean/SearchSound.lean:257:28: `cond_false` has been deprecated: Use `Bool.cond_false` instead

Note: The updated constant has a different type:
  ∀ {α : Sort u} {a b : α}, (bif false then a else b) = b
instead of
  ∀ {α : Sort u_1} (a b : α), (bif false then a else b) = b
warning: CoveringLean/SearchSound.lean:319:12: `cond_false` has been deprecated: Use `Bool.cond_false` instead

Note: The updated constant has a different type:
  ∀ {α : Sort u} {a b : α}, (bif false then a else b) = b
instead of
  ∀ {α : Sort u_1} (a b : α), (bif false then a else b) = b
warning: CoveringLean/SearchSound.lean:322:14: `cond_true` has been deprecated: Use `Bool.cond_true` instead

Note: The updated constant has a different type:
  ∀ {α : Sort u} {a b : α}, (bif true then a else b) = a
instead of
  ∀ {α : Sort u_1} (a b : α), (bif true then a else b) = a
warning: CoveringLean/SearchSound.lean:330:14: `cond_false` has been deprecated: Use `Bool.cond_false` instead

Note: The updated constant has a different type:
  ∀ {α : Sort u} {a b : α}, (bif false then a else b) = b
instead of
  ∀ {α : Sort u_1} (a b : α), (bif false then a else b) = b
warning: CoveringLean/SearchSound.lean:341:20: `cond_true` has been deprecated: Use `Bool.cond_true` instead

Note: The updated constant has a different type:
  ∀ {α : Sort u} {a b : α}, (bif true then a else b) = a
instead of
  ∀ {α : Sort u_1} (a b : α), (bif true then a else b) = a
warning: CoveringLean/SearchSound.lean:350:18: `cond_true` has been deprecated: Use `Bool.cond_true` instead

Note: The updated constant has a different type:
  ∀ {α : Sort u} {a b : α}, (bif true then a else b) = a
instead of
  ∀ {α : Sort u_1} (a b : α), (bif true then a else b) = a
warning: CoveringLean/SearchSound.lean:411:100: This line exceeds the 100 character limit, please shorten it!

Note: This linter can be disabled with `set_option linter.style.longLine false`
info: CoveringLean/SearchSound.lean:482:0: 'SC.chkN_sound' depends on axioms: [propext, Classical.choice, Quot.sound]
info: CoveringLean/SearchSound.lean:483:0: 'SC.chk_sound' depends on axioms: [propext, Classical.choice, Quot.sound]
info: CoveringLean/SearchSound.lean:484:0: 'SC.no_cover_W' depends on axioms: [propext, Classical.choice, Quot.sound]
info: CoveringLean/SearchSound.lean:485:0: 'SC.K_2_6_1_eq12_of' depends on axioms: [propext, Classical.choice, Quot.sound]
⚠ [8937/8942] Replayed CoveringLean.SearchBridgeA2
warning: CoveringLean/SearchBridgeA2.lean:1:1: * `-/`:
Copyright too short!


Note: This linter can be disabled with `set_option linter.style.header false`
info: CoveringLean/SearchBridgeA2.lean:20:0: 'SC.K_2_6_1_ge12_A2_of' depends on axioms: [propext, Classical.choice, Quot.sound]
⚠ [8938/8942] Replayed CoveringLean.C1_CoverCheck
warning: CoveringLean/C1_CoverCheck.lean:1:1: * `-/`:
Copyright too short!


Note: This linter can be disabled with `set_option linter.style.header false`
warning: CoveringLean/C1_CoverCheck.lean:7:100: This line exceeds the 100 character limit, please shorten it!

Note: This linter can be disabled with `set_option linter.style.longLine false`
warning: CoveringLean/C1_CoverCheck.lean:11:100: This line exceeds the 100 character limit, please shorten it!

Note: This linter can be disabled with `set_option linter.style.longLine false`
warning: CoveringLean/C1_CoverCheck.lean:14:100: This line exceeds the 100 character limit, please shorten it!

Note: This linter can be disabled with `set_option linter.style.longLine false`
warning: CoveringLean/C1_CoverCheck.lean:15:100: This line exceeds the 100 character limit, please shorten it!

Note: This linter can be disabled with `set_option linter.style.longLine false`
warning: CoveringLean/C1_CoverCheck.lean:26:100: This line exceeds the 100 character limit, please shorten it!

Note: This linter can be disabled with `set_option linter.style.longLine false`
warning: CoveringLean/C1_CoverCheck.lean:27:100: This line exceeds the 100 character limit, please shorten it!

Note: This linter can be disabled with `set_option linter.style.longLine false`
warning: CoveringLean/C1_CoverCheck.lean:62:27: Variable name `hq` is not explicitly referenced.

Hint: The binding can be removed (if unused) or named `_` (if used implicitly). Alternatively, prefix the name with `_` to silence this warning:
  [apply] _hq

Note: This linter can be disabled with `set_option linter.unusedVariables false`
warning: CoveringLean/C1_CoverCheck.lean:74:100: This line exceeds the 100 character limit, please shorten it!

Note: This linter can be disabled with `set_option linter.style.longLine false`
warning: CoveringLean/C1_CoverCheck.lean:130:10: `if_pos` has been deprecated: Use `ite_eq_left` instead
warning: CoveringLean/C1_CoverCheck.lean:133:41: The `show` tactic should only be used to indicate intermediate goal states for readability.
However, this tactic invocation changed the goal. Please use `change` instead for these purposes.

Note: This linter can be disabled with `set_option linter.style.show false`
warning: CoveringLean/C1_CoverCheck.lean:134:10: `if_neg` has been deprecated: Use `ite_eq_right` instead
warning: CoveringLean/C1_CoverCheck.lean:178:42: Used `tac1 <;> tac2` where `(tac1; tac2)` would suffice

Note: This linter can be disabled with `set_option linter.unnecessarySeqFocus false`
warning: CoveringLean/C1_CoverCheck.lean:208:0: automatically included section variable(s) unused in theorem `CoveringCerts.hammingDist_eq_sum`:
  [NeZero q]
consider restructuring your `variable` declarations so that the variables are not in scope or explicitly omit them:
  omit [NeZero q] in theorem ...

Note: This linter can be disabled with `set_option linter.unusedSectionVars false`
warning: CoveringLean/C1_CoverCheck.lean:326:100: This line exceeds the 100 character limit, please shorten it!

Note: This linter can be disabled with `set_option linter.style.longLine false`
warning: CoveringLean/C1_CoverCheck.lean:332:100: This line exceeds the 100 character limit, please shorten it!

Note: This linter can be disabled with `set_option linter.style.longLine false`
warning: CoveringLean/C1_CoverCheck.lean:340:100: This line exceeds the 100 character limit, please shorten it!

Note: This linter can be disabled with `set_option linter.style.longLine false`
info: CoveringLean/C1_CoverCheck.lean:352:0: 'CoveringCerts.dig_inj' depends on axioms: [propext, Classical.choice, Quot.sound]
info: CoveringLean/C1_CoverCheck.lean:353:0: 'CoveringCerts.cov_sound' depends on axioms: [propext, Classical.choice, Quot.sound]
info: CoveringLean/C1_CoverCheck.lean:354:0: 'CoveringCerts.sound' depends on axioms: [propext, Classical.choice, Quot.sound]
info: CoveringLean/C1_CoverCheck.lean:355:0: 'CoveringCerts.cert_of_check' depends on axioms: [propext, Classical.choice, Quot.sound]
⚠ [8939/8942] Replayed CoveringLean.K2_Core
warning: CoveringLean/K2_Core.lean:1:1: * `-/`:
Copyright too short!


Note: This linter can be disabled with `set_option linter.style.header false`
⚠ [8940/8942] Replayed CoveringLean.K3_Bridge
warning: CoveringLean/K3_Bridge.lean:1:1: * `-/`:
Copyright too short!


Note: This linter can be disabled with `set_option linter.style.header false`
info: CoveringLean/K3_Bridge.lean:70:0: 'CoveringKernel.cert_of_go' depends on axioms: [propext, Classical.choice, Quot.sound]
Build completed successfully (8942 jobs).
