$ lake build
ℹ [8925/8956] Replayed CoveringLean.LratK
info: CoveringLean/LratK.lean:392:0: 'LratK.rup_sound' depends on axioms: [propext, Classical.choice, Quot.sound]
info: CoveringLean/LratK.lean:393:0: 'LratK.good_of_checkRange' depends on axioms: [propext, Classical.choice, Quot.sound]
info: CoveringLean/LratK.lean:394:0: 'LratK.unsat_of_good' depends on axioms: [propext, Classical.choice, Quot.sound]
ℹ [8926/8956] Replayed CoveringLean.K742_Cnf
info: CoveringLean/K742_Cnf.lean:231:0: 'K742.perfis18_length' does not depend on any axioms
ℹ [8927/8956] Replayed CoveringLean.LratKData
info: CoveringLean/LratKData.lean:508:0: 'LratK.good_of_checkF'' depends on axioms: [propext, Classical.choice, Quot.sound]
info: CoveringLean/LratKData.lean:509:0: 'LratK.unsat_of_chain' depends on axioms: [propext, Classical.choice, Quot.sound]
info: CoveringLean/LratKData.lean:510:0: 'LratK.unsat_of_listsBeq' depends on axioms: [propext]
⚠ [8929/8956] Replayed CoveringLean.K742_PonteCnf
warning: CoveringLean/K742_PonteCnf.lean:56:8: `if_neg` has been deprecated: Use `ite_eq_right` instead
warning: CoveringLean/K742_PonteCnf.lean:111:51: `if_false` has been deprecated: Use `ite_false` instead
warning: CoveringLean/K742_PonteCnf.lean:116:17: `if_true` has been deprecated: Use `ite_true` instead
warning: CoveringLean/K742_PonteCnf.lean:119:19: `if_true` has been deprecated: Use `ite_true` instead
warning: CoveringLean/K742_PonteCnf.lean:129:24: `if_false` has been deprecated: Use `ite_false` instead
warning: CoveringLean/K742_PonteCnf.lean:137:22: `if_false` has been deprecated: Use `ite_false` instead
warning: CoveringLean/K742_PonteCnf.lean:153:21: `if_true` has been deprecated: Use `ite_true` instead
warning: CoveringLean/K742_PonteCnf.lean:159:26: `if_false` has been deprecated: Use `ite_false` instead
warning: CoveringLean/K742_PonteCnf.lean:169:22: `if_true` has been deprecated: Use `ite_true` instead
warning: CoveringLean/K742_PonteCnf.lean:260:6: `if_neg` has been deprecated: Use `ite_eq_right` instead
warning: CoveringLean/K742_PonteCnf.lean:318:19: `if_neg` has been deprecated: Use `ite_eq_right` instead
warning: CoveringLean/K742_PonteCnf.lean:337:17: `if_pos` has been deprecated: Use `ite_eq_left` instead
warning: CoveringLean/K742_PonteCnf.lean:339:50: `if_pos` has been deprecated: Use `ite_eq_left` instead
warning: CoveringLean/K742_PonteCnf.lean:340:29: `if_pos` has been deprecated: Use `ite_eq_left` instead
warning: CoveringLean/K742_PonteCnf.lean:350:17: `if_neg` has been deprecated: Use `ite_eq_right` instead
warning: CoveringLean/K742_PonteCnf.lean:352:50: `if_neg` has been deprecated: Use `ite_eq_right` instead
warning: CoveringLean/K742_PonteCnf.lean:353:29: `if_neg` has been deprecated: Use `ite_eq_right` instead
warning: CoveringLean/K742_PonteCnf.lean:357:6: `if_pos` has been deprecated: Use `ite_eq_left` instead
warning: CoveringLean/K742_PonteCnf.lean:363:17: `if_neg` has been deprecated: Use `ite_eq_right` instead
warning: CoveringLean/K742_PonteCnf.lean:366:82: `if_neg` has been deprecated: Use `ite_eq_right` instead
warning: CoveringLean/K742_PonteCnf.lean:367:29: `if_neg` has been deprecated: Use `ite_eq_right` instead
warning: CoveringLean/K742_PonteCnf.lean:371:6: `if_neg` has been deprecated: Use `ite_eq_right` instead
warning: CoveringLean/K742_PonteCnf.lean:454:8: `if_pos` has been deprecated: Use `ite_eq_left` instead
warning: CoveringLean/K742_PonteCnf.lean:475:15: `if_neg` has been deprecated: Use `ite_eq_right` instead
info: CoveringLean/K742_PonteCnf.lean:537:0: 'K742Ponte.cnfSemQuebra_sat' depends on axioms: [propext, Classical.choice, Quot.sound]
ℹ [8931/8956] Replayed CoveringLean.LratK_K4
info: CoveringLean/LratK_K4.lean:16:0: 2356 cláusulas, 276 passos, chave final 2632; 2 blocos de 200; dados 80 ms, checkF 0 ms, passos 3 ms (maior bloco 0 ms, soma 0 ms), montagem 1 ms (tempos do elaborador; a checagem do kernel é assíncrona e não entra)
info: CoveringLean/LratK_K4.lean:18:0: 2356 cláusulas, 210 passos, chave final 2566; 2 blocos de 200; dados 44 ms, checkF 1 ms, passos 7 ms (maior bloco 0 ms, soma 0 ms), montagem 0 ms (tempos do elaborador; a checagem do kernel é assíncrona e não entra)
info: CoveringLean/LratK_K4.lean:20:0: 2356 cláusulas, 178 passos, chave final 2534; 1 blocos de 200; dados 22 ms, checkF 1 ms, passos 1 ms (maior bloco 0 ms, soma 0 ms), montagem 1 ms (tempos do elaborador; a checagem do kernel é assíncrona e não entra)
info: CoveringLean/LratK_K4.lean:22:0: 2356 cláusulas, 150 passos, chave final 2506; 1 blocos de 200; dados 31 ms, checkF 0 ms, passos 2 ms (maior bloco 0 ms, soma 0 ms), montagem 0 ms (tempos do elaborador; a checagem do kernel é assíncrona e não entra)
info: CoveringLean/LratK_K4.lean:24:0: 2356 cláusulas, 199 passos, chave final 2555; 1 blocos de 200; dados 21 ms, checkF 1 ms, passos 2 ms (maior bloco 0 ms, soma 0 ms), montagem 0 ms (tempos do elaborador; a checagem do kernel é assíncrona e não entra)
info: CoveringLean/LratK_K4.lean:48:0: 'LratK_K4.refut6' depends on axioms: [propext, Classical.choice, Quot.sound]
⚠ [8932/8956] Replayed CoveringLean.A4_Closed
warning: CoveringLean/A4_Closed.lean:1:1: * `-/`:
Copyright too short!


Note: This linter can be disabled with `set_option linter.style.header false`
warning: CoveringLean/A4_Closed.lean:33:0: automatically included section variable(s) unused in theorem `CoveringA4.not_covers_empty`:
  [NeZero q]
consider restructuring your `variable` declarations so that the variables are not in scope or explicitly omit them:
  omit [NeZero q] in theorem ...

Note: This linter can be disabled with `set_option linter.unusedSectionVars false`
warning: CoveringLean/A4_Closed.lean:46:0: automatically included section variable(s) unused in theorem `CoveringA4.covers_singleton_of_le`:
  [NeZero q]
consider restructuring your `variable` declarations so that the variables are not in scope or explicitly omit them:
  omit [NeZero q] in theorem ...

Note: This linter can be disabled with `set_option linter.unusedSectionVars false`
warning: CoveringLean/A4_Closed.lean:65:0: automatically included section variable(s) unused in theorem `CoveringA4.hammingDist_le_pred_of_agree`:
  [NeZero q]
consider restructuring your `variable` declarations so that the variables are not in scope or explicitly omit them:
  omit [NeZero q] in theorem ...

Note: This linter can be disabled with `set_option linter.unusedSectionVars false`
warning: CoveringLean/A4_Closed.lean:78:0: automatically included section variable(s) unused in theorem `CoveringA4.hammingDist_eq_of_all_ne`:
  [NeZero q]
consider restructuring your `variable` declarations so that the variables are not in scope or explicitly omit them:
  omit [NeZero q] in theorem ...

Note: This linter can be disabled with `set_option linter.unusedSectionVars false`
warning: CoveringLean/A4_Closed.lean:99:4: `push_neg` has been deprecated. Prefer using `push Not` instead.
If you'd rather continue using `push_neg` in your project, you can implement it as follows:
```
open Lean.Parser.Tactic in
macro "push_neg" cfg:optConfig loc:(location)? : tactic =>
  `(tactic| push $cfg:optConfig Not $[$loc]?)
```
warning: CoveringLean/A4_Closed.lean:115:2: `push_neg` has been deprecated. Prefer using `push Not` instead.
If you'd rather continue using `push_neg` in your project, you can implement it as follows:
```
open Lean.Parser.Tactic in
macro "push_neg" cfg:optConfig loc:(location)? : tactic =>
  `(tactic| push $cfg:optConfig Not $[$loc]?)
```
warning: CoveringLean/A4_Closed.lean:129:0: automatically included section variable(s) unused in theorem `CoveringA4.Kle_mono_R`:
  [NeZero q]
consider restructuring your `variable` declarations so that the variables are not in scope or explicitly omit them:
  omit [NeZero q] in theorem ...

Note: This linter can be disabled with `set_option linter.unusedSectionVars false`
warning: CoveringLean/A4_Closed.lean:134:0: automatically included section variable(s) unused in theorem `CoveringA4.hammingDist_cons_le`:
  [NeZero q]
consider restructuring your `variable` declarations so that the variables are not in scope or explicitly omit them:
  omit [NeZero q] in theorem ...

Note: This linter can be disabled with `set_option linter.unusedSectionVars false`
warning: CoveringLean/A4_Closed.lean:143:0: automatically included section variable(s) unused in theorem `CoveringA4.cons_zero_injective`:
  [NeZero q]
consider restructuring your `variable` declarations so that the variables are not in scope or explicitly omit them:
  omit [NeZero q] in theorem ...

Note: This linter can be disabled with `set_option linter.unusedSectionVars false`
info: CoveringLean/A4_Closed.lean:198:0: 'CoveringA4.K_eq_one_of_le' depends on axioms: [propext, Classical.choice, Quot.sound]
info: CoveringLean/A4_Closed.lean:199:0: 'CoveringA4.K_pred_eq_q' depends on axioms: [propext, Classical.choice, Quot.sound]
info: CoveringLean/A4_Closed.lean:200:0: 'CoveringA4.Kle_mono_R' depends on axioms: [propext, Classical.choice, Quot.sound]
info: CoveringLean/A4_Closed.lean:201:0: 'CoveringA4.Kle_succ_succ' depends on axioms: [propext, Classical.choice, Quot.sound]
info: CoveringLean/A4_Closed.lean:202:0: 'CoveringA4.stress_general' depends on axioms: [propext, Classical.choice, Quot.sound]
info: CoveringLean/A4_Closed.lean:203:0: 'CoveringA4.stress_radius_off_by_one' depends on axioms: [propext, Classical.choice, Quot.sound]
⚠ [8933/8956] Replayed CoveringLean.A5_Frontier
warning: CoveringLean/A5_Frontier.lean:1:1: * `-/`:
Copyright too short!


Note: This linter can be disabled with `set_option linter.style.header false`
warning: CoveringLean/A5_Frontier.lean:24:100: This line exceeds the 100 character limit, please shorten it!

Note: This linter can be disabled with `set_option linter.style.longLine false`
warning: CoveringLean/A5_Frontier.lean:46:0: automatically included section variable(s) unused in theorem `CoveringA5.hammingDist_sub_right`:
  [NeZero q]
consider restructuring your `variable` declarations so that the variables are not in scope or explicitly omit them:
  omit [NeZero q] in theorem ...

Note: This linter can be disabled with `set_option linter.unusedSectionVars false`
warning: CoveringLean/A5_Frontier.lean:195:12: This simp argument is unused:
  Fintype.card_fun

Hint: Omit it from the simp argument list.
  [apply] simp [ZMod.card]

Note: This linter can be disabled with `set_option linter.unusedSimpArgs false`
info: CoveringLean/A5_Frontier.lean:240:0: 'CoveringA5.partial_cover_bound' depends on axioms: [propext, Classical.choice, Quot.sound]
info: CoveringLean/A5_Frontier.lean:241:0: 'CoveringA5.partial_cover_bound_V' depends on axioms: [propext, Classical.choice, Quot.sound]
info: CoveringLean/A5_Frontier.lean:242:0: 'CoveringA5.frontier_bound_nat' depends on axioms: [propext, Classical.choice, Quot.sound]
info: CoveringLean/A5_Frontier.lean:243:0: 'CoveringA5.frontier_bound_rat' depends on axioms: [propext, Classical.choice, Quot.sound]
info: CoveringLean/A5_Frontier.lean:244:0: 'CoveringA5.frontier_bound_M' depends on axioms: [propext, Classical.choice, Quot.sound]
info: CoveringLean/A5_Frontier.lean:245:0: 'CoveringA5.cover_real_iff_nat' depends on axioms: [propext, Classical.choice, Quot.sound]
info: CoveringLean/A5_Frontier.lean:246:0: 'CoveringA5.ceil_ceil_div' depends on axioms: [propext, Classical.choice, Quot.sound]
info: CoveringLean/A5_Frontier.lean:247:0: 'CoveringA5.least_size_antitone' depends on axioms: [propext, Classical.choice, Quot.sound]
info: CoveringLean/A5_Frontier.lean:248:0: 'CoveringA5.least_eps_antitone' depends on axioms: [propext, Classical.choice, Quot.sound]
info: CoveringLean/A5_Frontier.lean:249:0: 'CoveringA5.exists_least_of_eps' depends on axioms: [propext, Classical.choice, Quot.sound]
info: CoveringLean/A5_Frontier.lean:250:0: 'CoveringA5.eps_one_least' depends on axioms: [propext, Classical.choice, Quot.sound]
info: CoveringLean/A5_Frontier.lean:251:0: 'CoveringA5.P_eq_feasibility_threshold' depends on axioms: [propext, Classical.choice, Quot.sound]
info: CoveringLean/A5_Frontier.lean:252:0: 'CoveringA5.div_eq_ceil' depends on axioms: [propext, Classical.choice, Quot.sound]
⚠ [8934/8956] Replayed CoveringLean.A6_Finite
warning: CoveringLean/A6_Finite.lean:1:1: * `-/`:
Copyright too short!


Note: This linter can be disabled with `set_option linter.style.header false`
info: CoveringLean/A6_Finite.lean:127:0: 'CoveringA6.H5_counterexample' depends on axioms: [propext, Classical.choice, Quot.sound]
info: CoveringLean/A6_Finite.lean:128:0: 'CoveringA6.H1_counterexample' depends on axioms: [propext, Classical.choice, Quot.sound]
info: CoveringLean/A6_Finite.lean:129:0: 'CoveringA6.H3_counterexample' depends on axioms: [propext, Classical.choice, Quot.sound]
⚠ [8935/8956] Replayed CoveringLean.K2_Loop
warning: CoveringLean/K2_Loop.lean:1:1: * `-/`:
Copyright too short!


Note: This linter can be disabled with `set_option linter.style.header false`
warning: CoveringLean/K2_Loop.lean:9:100: This line exceeds the 100 character limit, please shorten it!

Note: This linter can be disabled with `set_option linter.style.longLine false`
warning: CoveringLean/K2_Loop.lean:86:100: This line exceeds the 100 character limit, please shorten it!

Note: This linter can be disabled with `set_option linter.style.longLine false`
warning: CoveringLean/K2_Loop.lean:130:6: The `show` tactic should only be used to indicate intermediate goal states for readability.
However, this tactic invocation changed the goal. Please use `change` instead for these purposes.

Note: This linter can be disabled with `set_option linter.style.show false`
⚠ [8936/8956] Replayed CoveringLean.A1_Weight
warning: CoveringLean/A1_Weight.lean:1:1: * `-/`:
Copyright too short!


Note: This linter can be disabled with `set_option linter.style.header false`
warning: CoveringLean/A1_Weight.lean:18:0: automatically included section variable(s) unused in theorem `CoveringA1.pow_hammingNorm_eq_prod`:
  [NeZero q]
consider restructuring your `variable` declarations so that the variables are not in scope or explicitly omit them:
  omit [NeZero q] in theorem ...

Note: This linter can be disabled with `set_option linter.unusedSectionVars false`
warning: CoveringLean/A1_Weight.lean:31:8: `if_neg` has been deprecated: Use `ite_eq_right` instead
warning: CoveringLean/A1_Weight.lean:34:33: `if_pos` has been deprecated: Use `ite_eq_left` instead
warning: CoveringLean/A1_Weight.lean:101:61: `Set.mem_setOf_eq` has been deprecated: Use `Set.mem_ofPred_eq` instead
info: CoveringLean/A1_Weight.lean:106:0: 'CoveringA1.weight_genfun' depends on axioms: [propext, Classical.choice, Quot.sound]
info: CoveringLean/A1_Weight.lean:107:0: 'CoveringA1.count_weight' depends on axioms: [propext, Classical.choice, Quot.sound]
info: CoveringLean/A1_Weight.lean:108:0: 'CoveringA1.ball_zero_card' depends on axioms: [propext, Classical.choice, Quot.sound]
⚠ [8937/8956] Replayed CoveringLean.A2_Sphere
warning: CoveringLean/A2_Sphere.lean:1:1: * `-/`:
Copyright too short!


Note: This linter can be disabled with `set_option linter.style.header false`
warning: CoveringLean/A2_Sphere.lean:7:100: This line exceeds the 100 character limit, please shorten it!

Note: This linter can be disabled with `set_option linter.style.longLine false`
warning: CoveringLean/A2_Sphere.lean:36:0: automatically included section variable(s) unused in theorem `CoveringA2.hammingDist_sub_right`:
  [NeZero q]
consider restructuring your `variable` declarations so that the variables are not in scope or explicitly omit them:
  omit [NeZero q] in theorem ...

Note: This linter can be disabled with `set_option linter.unusedSectionVars false`
warning: CoveringLean/A2_Sphere.lean:42:8: This simp argument is unused:
  Fintype.card_fun

Hint: Omit it from the simp argument list.
  [apply] simp [ZMod.card]

Note: This linter can be disabled with `set_option linter.unusedSimpArgs false`
warning: CoveringLean/A2_Sphere.lean:157:8: This simp argument is unused:
  card_space

Hint: Omit it from the simp argument list.
  [apply] simp at hlt

Note: This linter can be disabled with `set_option linter.unusedSimpArgs false`
info: CoveringLean/A2_Sphere.lean:214:0: 'CoveringA2.ball_card_indep' depends on axioms: [propext, Classical.choice, Quot.sound]
info: CoveringLean/A2_Sphere.lean:215:0: 'CoveringA2.sphere_covering' depends on axioms: [propext, Classical.choice, Quot.sound]
info: CoveringLean/A2_Sphere.lean:216:0: 'CoveringA2.sphere_covering_V' depends on axioms: [propext, Classical.choice, Quot.sound]
info: CoveringLean/A2_Sphere.lean:217:0: 'CoveringA2.no_perfect' depends on axioms: [propext, Classical.choice, Quot.sound]
info: CoveringLean/A2_Sphere.lean:218:0: 'CoveringA2.ceil_bound' depends on axioms: [propext, Classical.choice, Quot.sound]
info: CoveringLean/A2_Sphere.lean:219:0: 'CoveringA2.equality_iff_perfect' depends on axioms: [propext, Classical.choice, Quot.sound]
info: CoveringLean/A2_Sphere.lean:220:0: 'CoveringA2.constCode_covers' depends on axioms: [propext, Classical.choice, Quot.sound]
info: CoveringLean/A2_Sphere.lean:221:0: 'CoveringA2.rep3_covers' depends on axioms: [propext, Classical.choice, Quot.sound]
⚠ [8938/8956] Replayed CoveringLean.A3_Numeric
warning: CoveringLean/A3_Numeric.lean:1:1: * `-/`:
Copyright too short!


Note: This linter can be disabled with `set_option linter.style.header false`
info: CoveringLean/A3_Numeric.lean:222:0: 'CoveringA3.lb_of_sphere' depends on axioms: [propext, Classical.choice, Quot.sound]
info: CoveringLean/A3_Numeric.lean:223:0: 'CoveringA3.lt_of_sphere' depends on axioms: [propext]
info: CoveringLean/A3_Numeric.lean:224:0: 'CoveringA3.pred_not_sphere' depends on axioms: [propext, Quot.sound]
info: CoveringLean/A3_Numeric.lean:225:0: 'CoveringA3.rat_ceil_gap' depends on axioms: [propext, Classical.choice, Quot.sound]
info: CoveringLean/A3_Numeric.lean:226:0: 'CoveringA3.additive_gap_nonneg' depends on axioms: [propext, Classical.choice, Quot.sound]
info: CoveringLean/A3_Numeric.lean:227:0: 'CoveringA3.gap_over_ratio_pos' depends on axioms: [propext, Classical.choice, Quot.sound]
info: CoveringLean/A3_Numeric.lean:228:0: 'CoveringA3.ceil_eq_natCeil' depends on axioms: [propext, Classical.choice, Quot.sound]
info: CoveringLean/A3_Numeric.lean:229:0: 'CoveringA3.cellFacts_intro' depends on axioms: [propext, Classical.choice, Quot.sound]
info: CoveringLean/A3_Numeric.lean:230:0: 'CoveringA3.cell_5_7_2' depends on axioms: [propext, Classical.choice, Quot.sound]
info: CoveringLean/A3_Numeric.lean:231:0: 'CoveringA3.cell_4_10_4' depends on axioms: [propext, Classical.choice, Quot.sound]
info: CoveringLean/A3_Numeric.lean:232:0: 'CoveringA3.cell_5_9_3' depends on axioms: [propext, Classical.choice, Quot.sound]
info: CoveringLean/A3_Numeric.lean:233:0: 'CoveringA3.cell_5_10_4' depends on axioms: [propext, Classical.choice, Quot.sound]
info: CoveringLean/A3_Numeric.lean:234:0: 'CoveringA3.cell_5_9_5' depends on axioms: [propext, Classical.choice, Quot.sound]
info: CoveringLean/A3_Numeric.lean:235:0: 'CoveringA3.cell_5_9_4' depends on axioms: [propext, Classical.choice, Quot.sound]
info: CoveringLean/A3_Numeric.lean:236:0: 'CoveringA3.cell_7_8_3' depends on axioms: [propext, Classical.choice, Quot.sound]
info: CoveringLean/A3_Numeric.lean:237:0: 'CoveringA3.cell_7_9_4' depends on axioms: [propext, Classical.choice, Quot.sound]
info: CoveringLean/A3_Numeric.lean:238:0: 'CoveringA3.lb_5_7_2' depends on axioms: [propext, Classical.choice, Quot.sound]
info: CoveringLean/A3_Numeric.lean:239:0: 'CoveringA3.tight_5_7_2' depends on axioms: [propext, Classical.choice, Quot.sound]
info: CoveringLean/A3_Numeric.lean:240:0: 'CoveringA3.tight_7_8_3' depends on axioms: [propext, Classical.choice, Quot.sound]
info: CoveringLean/A3_Numeric.lean:241:0: 'CoveringA3.V_7_8_3' depends on axioms: [propext, Classical.choice, Quot.sound]
⚠ [8939/8956] Replayed CoveringLean.A6b_Hamming
warning: CoveringLean/A6b_Hamming.lean:4:0: The module doc-string for a file should be the first command after the imports.
Please, add a module doc-string (`/-! ... -/`) before `namespace CoveringA6`.

Hint: Type `m(odule docstring) + [tab]` to insert a template via snippet.

Note: This linter can be disabled with `set_option linter.style.header false`
warning: CoveringLean/A6b_Hamming.lean:1:1: * `-/`:
Copyright too short!


Note: This linter can be disabled with `set_option linter.style.header false`
info: CoveringLean/A6b_Hamming.lean:39:0: 'CoveringA6.hamming_tight' depends on axioms: [propext, Classical.choice, Quot.sound]
info: CoveringLean/A6b_Hamming.lean:40:0: 'CoveringA6.hamming_perfect' depends on axioms: [propext, Classical.choice, Quot.sound]
info: CoveringLean/A6b_Hamming.lean:41:0: 'CoveringA6.K_2_7_1' depends on axioms: [propext, Classical.choice, Quot.sound]
⚠ [8940/8956] Replayed CoveringLean.A6c_Search
warning: CoveringLean/A6c_Search.lean:4:0: The module doc-string for a file should be the first command after the imports.
Please, add a module doc-string (`/-! ... -/`) before `namespace CoveringA6`.

Hint: Type `m(odule docstring) + [tab]` to insert a template via snippet.

Note: This linter can be disabled with `set_option linter.style.header false`
warning: CoveringLean/A6c_Search.lean:1:1: * `-/`:
Copyright too short!


Note: This linter can be disabled with `set_option linter.style.header false`
warning: CoveringLean/A6c_Search.lean:35:2: `push_neg` has been deprecated. Prefer using `push Not` instead.
If you'd rather continue using `push_neg` in your project, you can implement it as follows:
```
open Lean.Parser.Tactic in
macro "push_neg" cfg:optConfig loc:(location)? : tactic =>
  `(tactic| push $cfg:optConfig Not $[$loc]?)
```
warning: CoveringLean/A6c_Search.lean:112:8: `push_neg` has been deprecated. Prefer using `push Not` instead.
If you'd rather continue using `push_neg` in your project, you can implement it as follows:
```
open Lean.Parser.Tactic in
macro "push_neg" cfg:optConfig loc:(location)? : tactic =>
  `(tactic| push $cfg:optConfig Not $[$loc]?)
```
warning: CoveringLean/A6c_Search.lean:188:100: This line exceeds the 100 character limit, please shorten it!

Note: This linter can be disabled with `set_option linter.style.longLine false`
info: CoveringLean/A6c_Search.lean:192:0: 'CoveringA6.refuted_sound' depends on axioms: [propext, Classical.choice, Quot.sound]
info: CoveringLean/A6c_Search.lean:193:0: 'CoveringA6.no_cover_2_6_1_le10' depends on axioms: [propext, Classical.choice, Quot.sound]
info: CoveringLean/A6c_Search.lean:194:0: 'CoveringA6.H2_counterexample' depends on axioms: [propext, Classical.choice, Quot.sound]
⚠ [8941/8956] Replayed CoveringLean.C1_CoverCheck
warning: CoveringLean/C1_CoverCheck.lean:1:1: * `-/`:
Copyright too short!


Note: This linter can be disabled with `set_option linter.style.header false`
warning: CoveringLean/C1_CoverCheck.lean:7:100: This line exceeds the 100 character limit, please shorten it!

Note: This linter can be disabled with `set_option linter.style.longLine false`
warning: CoveringLean/C1_CoverCheck.lean:11:100: This line exceeds the 100 character limit, please shorten it!

Note: This linter can be disabled with `set_option linter.style.longLine false`
warning: CoveringLean/C1_CoverCheck.lean:14:100: This line exceeds the 100 character limit, please shorten it!

Note: This linter can be disabled with `set_option linter.style.longLine false`
warning: CoveringLean/C1_CoverCheck.lean:15:100: This line exceeds the 100 character limit, please shorten it!

Note: This linter can be disabled with `set_option linter.style.longLine false`
warning: CoveringLean/C1_CoverCheck.lean:26:100: This line exceeds the 100 character limit, please shorten it!

Note: This linter can be disabled with `set_option linter.style.longLine false`
warning: CoveringLean/C1_CoverCheck.lean:27:100: This line exceeds the 100 character limit, please shorten it!

Note: This linter can be disabled with `set_option linter.style.longLine false`
warning: CoveringLean/C1_CoverCheck.lean:62:27: Variable name `hq` is not explicitly referenced.

Hint: The binding can be removed (if unused) or named `_` (if used implicitly). Alternatively, prefix the name with `_` to silence this warning:
  [apply] _hq

Note: This linter can be disabled with `set_option linter.unusedVariables false`
warning: CoveringLean/C1_CoverCheck.lean:74:100: This line exceeds the 100 character limit, please shorten it!

Note: This linter can be disabled with `set_option linter.style.longLine false`
warning: CoveringLean/C1_CoverCheck.lean:130:10: `if_pos` has been deprecated: Use `ite_eq_left` instead
warning: CoveringLean/C1_CoverCheck.lean:133:41: The `show` tactic should only be used to indicate intermediate goal states for readability.
However, this tactic invocation changed the goal. Please use `change` instead for these purposes.

Note: This linter can be disabled with `set_option linter.style.show false`
warning: CoveringLean/C1_CoverCheck.lean:134:10: `if_neg` has been deprecated: Use `ite_eq_right` instead
warning: CoveringLean/C1_CoverCheck.lean:178:42: Used `tac1 <;> tac2` where `(tac1; tac2)` would suffice

Note: This linter can be disabled with `set_option linter.unnecessarySeqFocus false`
warning: CoveringLean/C1_CoverCheck.lean:208:0: automatically included section variable(s) unused in theorem `CoveringCerts.hammingDist_eq_sum`:
  [NeZero q]
consider restructuring your `variable` declarations so that the variables are not in scope or explicitly omit them:
  omit [NeZero q] in theorem ...

Note: This linter can be disabled with `set_option linter.unusedSectionVars false`
warning: CoveringLean/C1_CoverCheck.lean:326:100: This line exceeds the 100 character limit, please shorten it!

Note: This linter can be disabled with `set_option linter.style.longLine false`
warning: CoveringLean/C1_CoverCheck.lean:332:100: This line exceeds the 100 character limit, please shorten it!

Note: This linter can be disabled with `set_option linter.style.longLine false`
warning: CoveringLean/C1_CoverCheck.lean:340:100: This line exceeds the 100 character limit, please shorten it!

Note: This linter can be disabled with `set_option linter.style.longLine false`
info: CoveringLean/C1_CoverCheck.lean:352:0: 'CoveringCerts.dig_inj' depends on axioms: [propext, Classical.choice, Quot.sound]
info: CoveringLean/C1_CoverCheck.lean:353:0: 'CoveringCerts.cov_sound' depends on axioms: [propext, Classical.choice, Quot.sound]
info: CoveringLean/C1_CoverCheck.lean:354:0: 'CoveringCerts.sound' depends on axioms: [propext, Classical.choice, Quot.sound]
info: CoveringLean/C1_CoverCheck.lean:355:0: 'CoveringCerts.cert_of_check' depends on axioms: [propext, Classical.choice, Quot.sound]
⚠ [8942/8956] Replayed CoveringLean.K742_Upper
warning: CoveringLean/K742_Upper.lean:1:1: * `-/`:
Copyright too short!


Note: This linter can be disabled with `set_option linter.style.header false`
info: CoveringLean/K742_Upper.lean:45:0: 'K742.code19_card' depends on axioms: [propext, Classical.choice, Quot.sound]
info: CoveringLean/K742_Upper.lean:46:0: 'K742.code19_covers' depends on axioms: [propext, Classical.choice, Quot.sound]
info: CoveringLean/K742_Upper.lean:47:0: 'K742.K_7_4_2_le_19' depends on axioms: [propext, Classical.choice, Quot.sound]
⚠ [8943/8956] Replayed CoveringLean.K742_Fibras
warning: CoveringLean/K742_Fibras.lean:1:1: * `-/`:
Copyright too short!


Note: This linter can be disabled with `set_option linter.style.header false`
info: CoveringLean/K742_Fibras.lean:347:0: 'K742.box_fiber_bound' depends on axioms: [propext, Classical.choice, Quot.sound]
info: CoveringLean/K742_Fibras.lean:348:0: 'K742.box_card_ge_18' depends on axioms: [propext, Classical.choice, Quot.sound]
info: CoveringLean/K742_Fibras.lean:349:0: 'K742.box_card_ge_21' depends on axioms: [propext, Classical.choice, Quot.sound]
info: CoveringLean/K742_Fibras.lean:350:0: 'K742.shorten_covers' depends on axioms: [propext, Classical.choice, Quot.sound]
info: CoveringLean/K742_Fibras.lean:351:0: 'K742.fiber_card_ge_two' depends on axioms: [propext, Classical.choice, Quot.sound]
info: CoveringLean/K742_Fibras.lean:352:0: 'K742.multiset_mem_types18' depends on axioms: [propext, Classical.choice, Quot.sound]
info: CoveringLean/K742_Fibras.lean:353:0: 'K742.fiberType_mem_types18' depends on axioms: [propext, Classical.choice, Quot.sound]
info: CoveringLean/K742_Fibras.lean:354:0: 'K742.profiles18_card' depends on axioms: [propext, Classical.choice, Quot.sound]
info: CoveringLean/K742_Fibras.lean:355:0: 'K742.profile_mem_profiles18' depends on axioms: [propext, Classical.choice, Quot.sound]
⚠ [8944/8956] Replayed CoveringLean.A6e_Excess
warning: CoveringLean/A6e_Excess.lean:1:1: * `-/`:
Copyright too short!


Note: This linter can be disabled with `set_option linter.style.header false`
info: CoveringLean/A6e_Excess.lean:158:0: 'CoveringA6.excess_bound' depends on axioms: [propext, Classical.choice, Quot.sound]
info: CoveringLean/A6e_Excess.lean:159:0: 'CoveringA6.no_cover_2_6_1_le10_uncond' depends on axioms: [propext, Classical.choice, Quot.sound]
info: CoveringLean/A6e_Excess.lean:160:0: 'CoveringA6.K_2_6_1_ge_11' depends on axioms: [propext, Classical.choice, Quot.sound]
info: CoveringLean/A6e_Excess.lean:161:0: 'CoveringA6.H2_counterexample_uncond' depends on axioms: [propext, Classical.choice, Quot.sound]
⚠ [8945/8956] Replayed CoveringLean.Chain
warning: CoveringLean/Chain.lean:1:1: * `-/`:
Copyright too short!


Note: This linter can be disabled with `set_option linter.style.header false`
info: CoveringLean/Chain.lean:59:0: 'CoveringChain.sphere_covering_formula' depends on axioms: [propext, Classical.choice, Quot.sound]
info: CoveringLean/Chain.lean:60:0: 'CoveringChain.SPH_K5_7_2_lb' depends on axioms: [propext, Classical.choice, Quot.sound]
info: CoveringLean/Chain.lean:61:0: 'CoveringChain.SPH_K4_10_4_lb' depends on axioms: [propext, Classical.choice, Quot.sound]
info: CoveringLean/Chain.lean:62:0: 'CoveringChain.SPH_K5_9_3_lb' depends on axioms: [propext, Classical.choice, Quot.sound]
info: CoveringLean/Chain.lean:63:0: 'CoveringChain.SPH_K5_10_4_lb' depends on axioms: [propext, Classical.choice, Quot.sound]
info: CoveringLean/Chain.lean:64:0: 'CoveringChain.SPH_K5_9_5_lb' depends on axioms: [propext, Classical.choice, Quot.sound]
info: CoveringLean/Chain.lean:65:0: 'CoveringChain.SPH_K5_9_4_lb' depends on axioms: [propext, Classical.choice, Quot.sound]
info: CoveringLean/Chain.lean:66:0: 'CoveringChain.SPH_K7_9_4_lb' depends on axioms: [propext, Classical.choice, Quot.sound]
info: CoveringLean/Chain.lean:67:0: 'CoveringChain.SPH_K7_8_3_lb' depends on axioms: [propext, Classical.choice, Quot.sound]
⚠ [8946/8956] Replayed CoveringLean.SearchSound
warning: CoveringLean/SearchSound.lean:1:1: * `-/`:
Copyright too short!


Note: This linter can be disabled with `set_option linter.style.header false`
warning: CoveringLean/SearchSound.lean:72:100: This line exceeds the 100 character limit, please shorten it!

Note: This linter can be disabled with `set_option linter.style.longLine false`
warning: CoveringLean/SearchSound.lean:250:28: `cond_true` has been deprecated: Use `Bool.cond_true` instead

Note: The updated constant has a different type:
  ∀ {α : Sort u} {a b : α}, (bif true then a else b) = a
instead of
  ∀ {α : Sort u_1} (a b : α), (bif true then a else b) = a
warning: CoveringLean/SearchSound.lean:257:28: `cond_false` has been deprecated: Use `Bool.cond_false` instead

Note: The updated constant has a different type:
  ∀ {α : Sort u} {a b : α}, (bif false then a else b) = b
instead of
  ∀ {α : Sort u_1} (a b : α), (bif false then a else b) = b
warning: CoveringLean/SearchSound.lean:319:12: `cond_false` has been deprecated: Use `Bool.cond_false` instead

Note: The updated constant has a different type:
  ∀ {α : Sort u} {a b : α}, (bif false then a else b) = b
instead of
  ∀ {α : Sort u_1} (a b : α), (bif false then a else b) = b
warning: CoveringLean/SearchSound.lean:322:14: `cond_true` has been deprecated: Use `Bool.cond_true` instead

Note: The updated constant has a different type:
  ∀ {α : Sort u} {a b : α}, (bif true then a else b) = a
instead of
  ∀ {α : Sort u_1} (a b : α), (bif true then a else b) = a
warning: CoveringLean/SearchSound.lean:330:14: `cond_false` has been deprecated: Use `Bool.cond_false` instead

Note: The updated constant has a different type:
  ∀ {α : Sort u} {a b : α}, (bif false then a else b) = b
instead of
  ∀ {α : Sort u_1} (a b : α), (bif false then a else b) = b
warning: CoveringLean/SearchSound.lean:341:20: `cond_true` has been deprecated: Use `Bool.cond_true` instead

Note: The updated constant has a different type:
  ∀ {α : Sort u} {a b : α}, (bif true then a else b) = a
instead of
  ∀ {α : Sort u_1} (a b : α), (bif true then a else b) = a
warning: CoveringLean/SearchSound.lean:350:18: `cond_true` has been deprecated: Use `Bool.cond_true` instead

Note: The updated constant has a different type:
  ∀ {α : Sort u} {a b : α}, (bif true then a else b) = a
instead of
  ∀ {α : Sort u_1} (a b : α), (bif true then a else b) = a
warning: CoveringLean/SearchSound.lean:411:100: This line exceeds the 100 character limit, please shorten it!

Note: This linter can be disabled with `set_option linter.style.longLine false`
info: CoveringLean/SearchSound.lean:482:0: 'SC.chkN_sound' depends on axioms: [propext, Classical.choice, Quot.sound]
info: CoveringLean/SearchSound.lean:483:0: 'SC.chk_sound' depends on axioms: [propext, Classical.choice, Quot.sound]
info: CoveringLean/SearchSound.lean:484:0: 'SC.no_cover_W' depends on axioms: [propext, Classical.choice, Quot.sound]
info: CoveringLean/SearchSound.lean:485:0: 'SC.K_2_6_1_eq12_of' depends on axioms: [propext, Classical.choice, Quot.sound]
⚠ [8947/8956] Replayed CoveringLean.K2_Core
warning: CoveringLean/K2_Core.lean:1:1: * `-/`:
Copyright too short!


Note: This linter can be disabled with `set_option linter.style.header false`
⚠ [8948/8956] Replayed CoveringLean.K3_Bridge
warning: CoveringLean/K3_Bridge.lean:1:1: * `-/`:
Copyright too short!


Note: This linter can be disabled with `set_option linter.style.header false`
info: CoveringLean/K3_Bridge.lean:70:0: 'CoveringKernel.cert_of_go' depends on axioms: [propext, Classical.choice, Quot.sound]
⚠ [8949/8956] Replayed CoveringLean.K742_Final
warning: CoveringLean/K742_Final.lean:1:1: * `-/`:
Copyright too short!


Note: This linter can be disabled with `set_option linter.style.header false`
info: CoveringLean/K742_Final.lean:70:0: 'K742.no_cover_le_18' depends on axioms: [propext, Classical.choice, Quot.sound]
info: CoveringLean/K742_Final.lean:71:0: 'K742.K_7_4_2_eq_19_of' depends on axioms: [propext, Classical.choice, Quot.sound]
info: CoveringLean/K742_Final.lean:72:0: 'K742.perfis18_complete' depends on axioms: [propext, Classical.choice, Quot.sound]
⚠ [8950/8956] Replayed CoveringLean.K742_Ponte
warning: CoveringLean/K742_Ponte.lean:1:1: * `-/`:
Copyright too short!


Note: This linter can be disabled with `set_option linter.style.header false`
warning: CoveringLean/K742_Ponte.lean:25:0: `exists_perm_of_map_eq` does not use the following hypothesis in its type:
  • [DecidableEq β] (#4)

Consider removing this hypothesis and using `classical` in the proof instead. For terms, consider using `open scoped Classical in` at the term level (not the command level).

Note: This linter can be disabled with `set_option linter.unusedDecidableInType false`
warning: CoveringLean/K742_Ponte.lean:53:25: `if_true` has been deprecated: Use `ite_true` instead
warning: CoveringLean/K742_Ponte.lean:53:34: `if_false` has been deprecated: Use `ite_false` instead
warning: CoveringLean/K742_Ponte.lean:53:25: `if_true` has been deprecated: Use `ite_true` instead
warning: CoveringLean/K742_Ponte.lean:53:34: `if_false` has been deprecated: Use `ite_false` instead
warning: CoveringLean/K742_Ponte.lean:53:25: `if_true` has been deprecated: Use `ite_true` instead
warning: CoveringLean/K742_Ponte.lean:53:34: `if_false` has been deprecated: Use `ite_false` instead
warning: CoveringLean/K742_Ponte.lean:53:25: `if_true` has been deprecated: Use `ite_true` instead
warning: CoveringLean/K742_Ponte.lean:53:34: `if_false` has been deprecated: Use `ite_false` instead
warning: CoveringLean/K742_Ponte.lean:53:25: `if_true` has been deprecated: Use `ite_true` instead
warning: CoveringLean/K742_Ponte.lean:53:34: `if_false` has been deprecated: Use `ite_false` instead
warning: CoveringLean/K742_Ponte.lean:53:25: `if_true` has been deprecated: Use `ite_true` instead
warning: CoveringLean/K742_Ponte.lean:53:34: `if_false` has been deprecated: Use `ite_false` instead
warning: CoveringLean/K742_Ponte.lean:53:25: `if_true` has been deprecated: Use `ite_true` instead
warning: CoveringLean/K742_Ponte.lean:53:34: `if_false` has been deprecated: Use `ite_false` instead
warning: CoveringLean/K742_Ponte.lean:53:25: `if_true` has been deprecated: Use `ite_true` instead
warning: CoveringLean/K742_Ponte.lean:53:34: `if_false` has been deprecated: Use `ite_false` instead
warning: CoveringLean/K742_Ponte.lean:53:25: `if_true` has been deprecated: Use `ite_true` instead
warning: CoveringLean/K742_Ponte.lean:53:34: `if_false` has been deprecated: Use `ite_false` instead
warning: CoveringLean/K742_Ponte.lean:53:25: `if_true` has been deprecated: Use `ite_true` instead
warning: CoveringLean/K742_Ponte.lean:53:34: `if_false` has been deprecated: Use `ite_false` instead
warning: CoveringLean/K742_Ponte.lean:53:25: `if_true` has been deprecated: Use `ite_true` instead
warning: CoveringLean/K742_Ponte.lean:53:34: `if_false` has been deprecated: Use `ite_false` instead
warning: CoveringLean/K742_Ponte.lean:53:25: `if_true` has been deprecated: Use `ite_true` instead
warning: CoveringLean/K742_Ponte.lean:53:34: `if_false` has been deprecated: Use `ite_false` instead
warning: CoveringLean/K742_Ponte.lean:53:25: `if_true` has been deprecated: Use `ite_true` instead
warning: CoveringLean/K742_Ponte.lean:53:34: `if_false` has been deprecated: Use `ite_false` instead
warning: CoveringLean/K742_Ponte.lean:53:25: `if_true` has been deprecated: Use `ite_true` instead
warning: CoveringLean/K742_Ponte.lean:53:34: `if_false` has been deprecated: Use `ite_false` instead
warning: CoveringLean/K742_Ponte.lean:53:25: `if_true` has been deprecated: Use `ite_true` instead
warning: CoveringLean/K742_Ponte.lean:53:34: `if_false` has been deprecated: Use `ite_false` instead
warning: CoveringLean/K742_Ponte.lean:53:25: `if_true` has been deprecated: Use `ite_true` instead
warning: CoveringLean/K742_Ponte.lean:53:34: `if_false` has been deprecated: Use `ite_false` instead
warning: CoveringLean/K742_Ponte.lean:70:15: `Fin.coe_castSucc` has been deprecated: Use `Fin.val_castSucc` instead
warning: CoveringLean/K742_Ponte.lean:72:10: `List.take_succ` has been deprecated: Use `List.take_add_one` instead
warning: CoveringLean/K742_Ponte.lean:101:36: This simp argument is unused:
  List.getElem?_eq_getElem h2

Hint: Omit it from the simp argument list.
  [apply] simp [List.getD_eq_getElem?_getD]

Note: This linter can be disabled with `set_option linter.unusedSimpArgs false`
warning: CoveringLean/K742_Ponte.lean:272:17: This simp argument is unused:
  Fin.val_mk

Hint: Omit it from the simp argument list.
  [apply] simp only at hkj

Note: This linter can be disabled with `set_option linter.unusedSimpArgs false`
warning: CoveringLean/K742_Ponte.lean:132:2: `simp at htP` is a flexible tactic modifying `htP`. Try `simp?` and use the suggested `simp only [...]`. Alternatively, use `suffices` to explicitly state the simplified form.

Note: This linter can be disabled with `set_option linter.flexible false`
info: CoveringLean/K742_Ponte.lean:138:2: `rw [hfm] at htP`
uses `htP`, which was modified by the flexible tactic `simp` on line 132!
warning: CoveringLean/K742_Ponte.lean:132:2: `simp at htP` is a flexible tactic modifying `htP`. Try `simp?` and use the suggested `simp only [...]`. Alternatively, use `suffices` to explicitly state the simplified form.

Note: This linter can be disabled with `set_option linter.flexible false`
info: CoveringLean/K742_Ponte.lean:140:2: `have hg : (univ : Finset (Fin 4)).val.map (K742.fiberType C) = (univ : Finset (Fin 4)).val.map g :=
  by
  rw [Fin.univ_val_map g]
  have : List.ofFn g = List.map (fun l : List ℕ => Multiset.ofList l) t :=
    by
    rw [← ofFn_getD_eq (List.map (fun l : List ℕ => Multiset.ofList l) t) 0 4 (by simp [hlen])]
    congr 1; funext i
    simp only [g, List.getD_eq_getElem?_getD, List.getElem?_map]
    cases t[(i : ℕ)]? <;> rfl
  rw [this, htP, hPC]
  rfl`
uses `htP`, which was modified by the flexible tactic `simp` on line 132!
warning: CoveringLean/K742_Ponte.lean:244:52: `simp at hk` is a flexible tactic modifying `hk`. Try `simp?` and use the suggested `simp only [...]`. Alternatively, use `suffices` to explicitly state the simplified form.

Note: This linter can be disabled with `set_option linter.flexible false`
info: CoveringLean/K742_Ponte.lean:244:64: `exact hk.1`
uses `hk`, which was modified by the flexible tactic `simp` on line 244!
warning: CoveringLean/K742_Ponte.lean:140:100: This line exceeds the 100 character limit, please shorten it!

Note: This linter can be disabled with `set_option linter.style.longLine false`
info: CoveringLean/K742_Ponte.lean:280:0: 'K742Ponte.ponte18' depends on axioms: [propext, Classical.choice, Quot.sound]
⚠ [8951/8956] Replayed CoveringLean.Regras
warning: CoveringLean/Regras.lean:1:1: * `-/`:
Copyright too short!


Note: This linter can be disabled with `set_option linter.style.header false`
warning: CoveringLean/Regras.lean:134:100: This line exceeds the 100 character limit, please shorten it!

Note: This linter can be disabled with `set_option linter.style.longLine false`
info: CoveringLean/Regras.lean:198:0: 'CoveringUB.K_le_card' depends on axioms: [propext, Classical.choice, Quot.sound]
info: CoveringLean/Regras.lean:199:0: 'CoveringUB.K_le_iff' depends on axioms: [propext, Classical.choice, Quot.sound]
info: CoveringLean/Regras.lean:200:0: 'CoveringUB.UB.of_check' depends on axioms: [propext, Classical.choice, Quot.sound]
info: CoveringLean/Regras.lean:201:0: 'CoveringUB.UB.of_go' depends on axioms: [propext, Classical.choice, Quot.sound]
info: CoveringLean/Regras.lean:202:0: 'CoveringUB.K_7_4_2_le_19' depends on axioms: [propext, Classical.choice, Quot.sound]
info: CoveringLean/Regras.lean:203:0: 'CoveringUB.UB.of_exists' depends on axioms: [propext, Classical.choice, Quot.sound]
info: CoveringLean/Regras.lean:204:0: 'CoveringUB.UB.univ' depends on axioms: [propext, Classical.choice, Quot.sound]
info: CoveringLean/Regras.lean:205:0: 'CoveringUB.UB.large_radius' depends on axioms: [propext, Classical.choice, Quot.sound]
info: CoveringLean/Regras.lean:206:0: 'CoveringUB.UB.constant_symbol' depends on axioms: [propext, Classical.choice, Quot.sound]
info: CoveringLean/Regras.lean:207:0: 'CoveringUB.UB.direct_sum' depends on axioms: [propext, Classical.choice, Quot.sound]
info: CoveringLean/Regras.lean:208:0: 'CoveringUB.UB.lengthen_free' depends on axioms: [propext, Classical.choice, Quot.sound]
info: CoveringLean/Regras.lean:209:0: 'CoveringUB.UB.lengthen_dummy' depends on axioms: [propext, Classical.choice, Quot.sound]
info: CoveringLean/Regras.lean:210:0: 'CoveringUB.UB.puncture' depends on axioms: [propext, Classical.choice, Quot.sound]
info: CoveringLean/Regras.lean:211:0: 'CoveringUB.UB.project' depends on axioms: [propext, Classical.choice, Quot.sound]
⚠ [8952/8956] Replayed CoveringLean.SearchBridgeA2
warning: CoveringLean/SearchBridgeA2.lean:1:1: * `-/`:
Copyright too short!


Note: This linter can be disabled with `set_option linter.style.header false`
info: CoveringLean/SearchBridgeA2.lean:20:0: 'SC.K_2_6_1_ge12_A2_of' depends on axioms: [propext, Classical.choice, Quot.sound]
⚠ [8953/8956] Replayed CoveringLean.SynBridge
warning: CoveringLean/SynBridge.lean:1:1: * `-/`:
Copyright too short!


Note: This linter can be disabled with `set_option linter.style.header false`
warning: CoveringLean/SynBridge.lean:29:100: This line exceeds the 100 character limit, please shorten it!

Note: This linter can be disabled with `set_option linter.style.longLine false`
warning: CoveringLean/SynBridge.lean:44:100: This line exceeds the 100 character limit, please shorten it!

Note: This linter can be disabled with `set_option linter.style.longLine false`
warning: CoveringLean/SynBridge.lean:45:100: This line exceeds the 100 character limit, please shorten it!

Note: This linter can be disabled with `set_option linter.style.longLine false`
warning: CoveringLean/SynBridge.lean:78:24: Variable name `hq` is not explicitly referenced.

Hint: The binding can be removed (if unused) or named `_` (if used implicitly). Alternatively, prefix the name with `_` to silence this warning:
  [apply] _hq

Note: This linter can be disabled with `set_option linter.unusedVariables false`
warning: CoveringLean/SynBridge.lean:132:4: The `show` tactic should only be used to indicate intermediate goal states for readability.
However, this tactic invocation changed the goal. Please use `change` instead for these purposes.

Note: This linter can be disabled with `set_option linter.style.show false`
warning: CoveringLean/SynBridge.lean:284:26: This simp argument is unused:
  h2'

Hint: Omit it from the simp argument list.
  [apply] simp [this, h1, h2]

Note: This linter can be disabled with `set_option linter.unusedSimpArgs false`
warning: CoveringLean/SynBridge.lean:289:26: This simp argument is unused:
  h2'

Hint: Omit it from the simp argument list.
  [apply] simp [this, h1, h2]

Note: This linter can be disabled with `set_option linter.unusedSimpArgs false`
warning: CoveringLean/SynBridge.lean:297:0: automatically included section variable(s) unused in theorem `Syn.xval_wdf`:
  [NeZero q]
consider restructuring your `variable` declarations so that the variables are not in scope or explicitly omit them:
  omit [NeZero q] in theorem ...

Note: This linter can be disabled with `set_option linter.unusedSectionVars false`
warning: CoveringLean/SynBridge.lean:305:0: automatically included section variable(s) unused in theorem `Syn.wdf_congr`:
  [NeZero q]
consider restructuring your `variable` declarations so that the variables are not in scope or explicitly omit them:
  omit [NeZero q] in theorem ...

Note: This linter can be disabled with `set_option linter.unusedSectionVars false`
warning: CoveringLean/SynBridge.lean:312:2: The `show` tactic should only be used to indicate intermediate goal states for readability.
However, this tactic invocation changed the goal. Please use `change` instead for these purposes.

Note: This linter can be disabled with `set_option linter.style.show false`
warning: CoveringLean/SynBridge.lean:309:0: automatically included section variable(s) unused in theorem `Syn.wdf_cwF`:
  [NeZero q]
consider restructuring your `variable` declarations so that the variables are not in scope or explicitly omit them:
  omit [NeZero q] in theorem ...

Note: This linter can be disabled with `set_option linter.unusedSectionVars false`
warning: CoveringLean/SynBridge.lean:388:10: `if_pos` has been deprecated: Use `ite_eq_left` instead
warning: CoveringLean/SynBridge.lean:388:39: `if_pos` has been deprecated: Use `ite_eq_left` instead
warning: CoveringLean/SynBridge.lean:389:10: `if_neg` has been deprecated: Use `ite_eq_right` instead
warning: CoveringLean/SynBridge.lean:391:12: `if_pos` has been deprecated: Use `ite_eq_left` instead
warning: CoveringLean/SynBridge.lean:394:12: `if_neg` has been deprecated: Use `ite_eq_right` instead
warning: CoveringLean/SynBridge.lean:394:49: `if_neg` has been deprecated: Use `ite_eq_right` instead
⚠ [8954/8956] Built CoveringLean.K764_Upper (13s)
warning: CoveringLean/K764_Upper.lean:1:1: * `-/`:
Copyright too short!


Note: This linter can be disabled with `set_option linter.style.header false`
info: CoveringLean/K764_Upper.lean:33:0: 'CoveringK764.K_7_6_4_le_14' depends on axioms: [propext, Classical.choice, Quot.sound]
✔ [8955/8956] Built CoveringLean (3.8s)
Build completed successfully (8956 jobs).
